Archive member included to satisfy reference by file (symbol)

/home/dantewebber/.config/Code/User/globalStorage/bmd.stm32-for-vscode/@xpack-dev-tools/arm-none-eabi-gcc/12.3.1-1.1.1/.content/bin/../lib/gcc/arm-none-eabi/12.3.1/../../../../arm-none-eabi/lib/thumb/v6-m/nofp/libc_nano.a(libc_a-atexit.o)
                              /home/dantewebber/.config/Code/User/globalStorage/bmd.stm32-for-vscode/@xpack-dev-tools/arm-none-eabi-gcc/12.3.1-1.1.1/.content/bin/../lib/gcc/arm-none-eabi/12.3.1/../../../../arm-none-eabi/lib/thumb/v6-m/nofp/crt0.o (atexit)
/home/dantewebber/.config/Code/User/globalStorage/bmd.stm32-for-vscode/@xpack-dev-tools/arm-none-eabi-gcc/12.3.1-1.1.1/.content/bin/../lib/gcc/arm-none-eabi/12.3.1/../../../../arm-none-eabi/lib/thumb/v6-m/nofp/libc_nano.a(libc_a-exit.o)
                              /home/dantewebber/.config/Code/User/globalStorage/bmd.stm32-for-vscode/@xpack-dev-tools/arm-none-eabi-gcc/12.3.1-1.1.1/.content/bin/../lib/gcc/arm-none-eabi/12.3.1/../../../../arm-none-eabi/lib/thumb/v6-m/nofp/crt0.o (exit)
/home/dantewebber/.config/Code/User/globalStorage/bmd.stm32-for-vscode/@xpack-dev-tools/arm-none-eabi-gcc/12.3.1-1.1.1/.content/bin/../lib/gcc/arm-none-eabi/12.3.1/../../../../arm-none-eabi/lib/thumb/v6-m/nofp/libc_nano.a(libc_a-findfp.o)
                              /home/dantewebber/.config/Code/User/globalStorage/bmd.stm32-for-vscode/@xpack-dev-tools/arm-none-eabi-gcc/12.3.1-1.1.1/.content/bin/../lib/gcc/arm-none-eabi/12.3.1/../../../../arm-none-eabi/lib/thumb/v6-m/nofp/libc_nano.a(libc_a-exit.o) (__stdio_exit_handler)
/home/dantewebber/.config/Code/User/globalStorage/bmd.stm32-for-vscode/@xpack-dev-tools/arm-none-eabi-gcc/12.3.1-1.1.1/.content/bin/../lib/gcc/arm-none-eabi/12.3.1/../../../../arm-none-eabi/lib/thumb/v6-m/nofp/libc_nano.a(libc_a-fwalk.o)
                              /home/dantewebber/.config/Code/User/globalStorage/bmd.stm32-for-vscode/@xpack-dev-tools/arm-none-eabi-gcc/12.3.1-1.1.1/.content/bin/../lib/gcc/arm-none-eabi/12.3.1/../../../../arm-none-eabi/lib/thumb/v6-m/nofp/libc_nano.a(libc_a-findfp.o) (_fwalk_sglue)
/home/dantewebber/.config/Code/User/globalStorage/bmd.stm32-for-vscode/@xpack-dev-tools/arm-none-eabi-gcc/12.3.1-1.1.1/.content/bin/../lib/gcc/arm-none-eabi/12.3.1/../../../../arm-none-eabi/lib/thumb/v6-m/nofp/libc_nano.a(libc_a-sprintf.o)
                              build/main.o (sprintf)
/home/dantewebber/.config/Code/User/globalStorage/bmd.stm32-for-vscode/@xpack-dev-tools/arm-none-eabi-gcc/12.3.1-1.1.1/.content/bin/../lib/gcc/arm-none-eabi/12.3.1/../../../../arm-none-eabi/lib/thumb/v6-m/nofp/libc_nano.a(libc_a-stdio.o)
                              /home/dantewebber/.config/Code/User/globalStorage/bmd.stm32-for-vscode/@xpack-dev-tools/arm-none-eabi-gcc/12.3.1-1.1.1/.content/bin/../lib/gcc/arm-none-eabi/12.3.1/../../../../arm-none-eabi/lib/thumb/v6-m/nofp/libc_nano.a(libc_a-findfp.o) (__sread)
/home/dantewebber/.config/Code/User/globalStorage/bmd.stm32-for-vscode/@xpack-dev-tools/arm-none-eabi-gcc/12.3.1-1.1.1/.content/bin/../lib/gcc/arm-none-eabi/12.3.1/../../../../arm-none-eabi/lib/thumb/v6-m/nofp/libc_nano.a(libc_a-memset.o)
                              /home/dantewebber/.config/Code/User/globalStorage/bmd.stm32-for-vscode/@xpack-dev-tools/arm-none-eabi-gcc/12.3.1-1.1.1/.content/bin/../lib/gcc/arm-none-eabi/12.3.1/../../../../arm-none-eabi/lib/thumb/v6-m/nofp/crt0.o (memset)
/home/dantewebber/.config/Code/User/globalStorage/bmd.stm32-for-vscode/@xpack-dev-tools/arm-none-eabi-gcc/12.3.1-1.1.1/.content/bin/../lib/gcc/arm-none-eabi/12.3.1/../../../../arm-none-eabi/lib/thumb/v6-m/nofp/libc_nano.a(libc_a-closer.o)
                              /home/dantewebber/.config/Code/User/globalStorage/bmd.stm32-for-vscode/@xpack-dev-tools/arm-none-eabi-gcc/12.3.1-1.1.1/.content/bin/../lib/gcc/arm-none-eabi/12.3.1/../../../../arm-none-eabi/lib/thumb/v6-m/nofp/libc_nano.a(libc_a-stdio.o) (_close_r)
/home/dantewebber/.config/Code/User/globalStorage/bmd.stm32-for-vscode/@xpack-dev-tools/arm-none-eabi-gcc/12.3.1-1.1.1/.content/bin/../lib/gcc/arm-none-eabi/12.3.1/../../../../arm-none-eabi/lib/thumb/v6-m/nofp/libc_nano.a(libc_a-reent.o)
                              /home/dantewebber/.config/Code/User/globalStorage/bmd.stm32-for-vscode/@xpack-dev-tools/arm-none-eabi-gcc/12.3.1-1.1.1/.content/bin/../lib/gcc/arm-none-eabi/12.3.1/../../../../arm-none-eabi/lib/thumb/v6-m/nofp/libc_nano.a(libc_a-closer.o) (errno)
/home/dantewebber/.config/Code/User/globalStorage/bmd.stm32-for-vscode/@xpack-dev-tools/arm-none-eabi-gcc/12.3.1-1.1.1/.content/bin/../lib/gcc/arm-none-eabi/12.3.1/../../../../arm-none-eabi/lib/thumb/v6-m/nofp/libc_nano.a(libc_a-impure.o)
                              /home/dantewebber/.config/Code/User/globalStorage/bmd.stm32-for-vscode/@xpack-dev-tools/arm-none-eabi-gcc/12.3.1-1.1.1/.content/bin/../lib/gcc/arm-none-eabi/12.3.1/../../../../arm-none-eabi/lib/thumb/v6-m/nofp/libc_nano.a(libc_a-sprintf.o) (_impure_ptr)
[...]
Memory Configuration

Name             Origin             Length             Attributes
RAM              0x20000000         0x00002000         xrw
FLASH            0x08000000         0x00008000         xr
*default*        0x00000000         0xffffffff

Linker script and memory map

LOAD /home/dantewebber/.config/Code/User/globalStorage/bmd.stm32-for-vscode/@xpack-dev-tools/arm-none-eabi-gcc/12.3.1-1.1.1/.content/bin/../lib/gcc/arm-none-eabi/12.3.1/thumb/v6-m/nofp/crti.o
LOAD /home/dantewebber/.config/Code/User/globalStorage/bmd.stm32-for-vscode/@xpack-dev-tools/arm-none-eabi-gcc/12.3.1-1.1.1/.content/bin/../lib/gcc/arm-none-eabi/12.3.1/thumb/v6-m/nofp/crtbegin.o
LOAD /home/dantewebber/.config/Code/User/globalStorage/bmd.stm32-for-vscode/@xpack-dev-tools/arm-none-eabi-gcc/12.3.1-1.1.1/.content/bin/../lib/gcc/arm-none-eabi/12.3.1/../../../../arm-none-eabi/lib/thumb/v6-m/nofp/crt0.o
LOAD build/main.o
LOAD build/stm32f0xx_hal_msp.o
LOAD build/stm32f0xx_it.o
LOAD build/system_stm32f0xx.o
LOAD build/stm32f0xx_hal.o
LOAD build/stm32f0xx_hal_adc.o
LOAD build/stm32f0xx_hal_adc_ex.o
LOAD build/stm32f0xx_hal_cortex.o
LOAD build/stm32f0xx_hal_dma.o
LOAD build/stm32f0xx_hal_flash.o
LOAD build/stm32f0xx_hal_flash_ex.o
LOAD build/stm32f0xx_hal_gpio.o
LOAD build/stm32f0xx_hal_i2c.o
LOAD build/stm32f0xx_hal_i2c_ex.o
LOAD build/stm32f0xx_hal_pwr.o
LOAD build/stm32f0xx_hal_pwr_ex.o
LOAD build/stm32f0xx_hal_rcc.o
LOAD build/stm32f0xx_hal_rcc_ex.o
LOAD build/stm32f0xx_hal_tim.o
LOAD build/stm32f0xx_hal_tim_ex.o
LOAD build/stm32f0xx_ll_exti.o
LOAD build/stm32f0xx_ll_gpio.o
LOAD build/stm32f0xx_ll_rcc.o
LOAD build/stm32f0xx_ll_utils.o
LOAD build/startup_stm32f051x8.o
LOAD /home/dantewebber/.config/Code/User/globalStorage/bmd.stm32-for-vscode/@xpack-dev-tools/arm-none-eabi-gcc/12.3.1-1.1.1/.content/bin/../lib/gcc/arm-none-eabi/12.3.1/../../../../arm-none-eabi/lib/thumb/v6-m/nofp/libc_nano.a
LOAD /home/dantewebber/.config/Code/User/globalStorage/bmd.stm32-for-vscode/@xpack-dev-tools/arm-none-eabi-gcc/12.3.1-1.1.1/.content/bin/../lib/gcc/arm-none-eabi/12.3.1/../../../../arm-none-eabi/lib/thumb/v6-m/nofp/libm.a
LOAD /home/dantewebber/.config/Code/User/globalStorage/bmd.stm32-for-vscode/@xpack-dev-tools/arm-none-eabi-gcc/12.3.1-1.1.1/.content/bin/../lib/gcc/arm-none-eabi/12.3.1/../../../../arm-none-eabi/lib/thumb/v6-m/nofp/libnosys.a
START GROUP
LOAD /home/dantewebber/.config/Code/User/globalStorage/bmd.stm32-for-vscode/@xpack-dev-tools/arm-none-eabi-gcc/12.3.1-1.1.1/.content/bin/../lib/gcc/arm-none-eabi/12.3.1/thumb/v6-m/nofp/libgcc.a
LOAD /home/dantewebber/.config/Code/User/globalStorage/bmd.stm32-for-vscode/@xpack-dev-tools/arm-none-eabi-gcc/12.3.1-1.1.1/.content/bin/../lib/gcc/arm-none-eabi/12.3.1/../../../../arm-none-eabi/lib/thumb/v6-m/nofp/libc_nano.a
END GROUP
START GROUP
LOAD /home/dantewebber/.config/Code/User/globalStorage/bmd.stm32-for-vscode/@xpack-dev-tools/arm-none-eabi-gcc/12.3.1-1.1.1/.content/bin/../lib/gcc/arm-none-eabi/12.3.1/thumb/v6-m/nofp/libgcc.a
LOAD /home/dantewebber/.config/Code/User/globalStorage/bmd.stm32-for-vscode/@xpack-dev-tools/arm-none-eabi-gcc/12.3.1-1.1.1/.content/bin/../lib/gcc/arm-none-eabi/12.3.1/../../../../arm-none-eabi/lib/thumb/v6-m/nofp/libc_nano.a
END GROUP
LOAD /home/dantewebber/.config/Code/User/globalStorage/bmd.stm32-for-vscode/@xpack-dev-tools/arm-none-eabi-gcc/12.3.1-1.1.1/.content/bin/../lib/gcc/arm-none-eabi/12.3.1/thumb/v6-m/nofp/crtend.o
LOAD /home/dantewebber/.config/Code/User/globalStorage/bmd.stm32-for-vscode/@xpack-dev-tools/arm-none-eabi-gcc/12.3.1-1.1.1/.content/bin/../lib/gcc/arm-none-eabi/12.3.1/thumb/v6-m/nofp/crtn.o
                0x20002000                        _estack = (ORIGIN (RAM) + LENGTH (RAM))
                0x00000200                        _Min_Heap_Size = 0x200
                0x00000400                        _Min_Stack_Size = 0x400

.isr_vector     0x08000000       0xc0
                0x08000000                        . = ALIGN (0x4)
 *(.isr_vector)
 .isr_vector    0x08000000       0xc0 build/startup_stm32f051x8.o
                0x08000000                g_pfnVectors
                0x080000c0                        . = ALIGN (0x4)

.text           0x080000c0     0x3d68
                0x080000c0                        . = ALIGN (0x4)
 *(.text)
 .text          0x080000c0       0x14 /home/dantewebber/.config/Code/User/globalStorage/bmd.stm32-for-vscode/@xpack-dev-tools/arm-none-eabi-gcc/12.3.1-1.1.1/.content/bin/../lib/gcc/arm-none-eabi/12.3.1/thumb/v6-m/nofp/libgcc.a(_thumb1_case_shi.o)
                0x080000c0                __gnu_thumb1_case_shi
 .text          0x080000d4      0x114 /home/dantewebber/.config/Code/User/globalStorage/bmd.stm32-for-vscode/@xpack-dev-tools/arm-none-eabi-gcc/12.3.1-1.1.1/.content/bin/../lib/gcc/arm-none-eabi/12.3.1/thumb/v6-m/nofp/libgcc.a(_udivsi3.o)
                0x080000d4                __udivsi3
                0x080000d4                __aeabi_uidiv
                0x080001e0                __aeabi_uidivmod
 .text          0x080001e8        0x4 /home/dantewebber/.config/Code/User/globalStorage/bmd.stm32-for-vscode/@xpack-dev-tools/arm-none-eabi-gcc/12.3.1-1.1.1/.content/bin/../lib/gcc/arm-none-eabi/12.3.1/thumb/v6-m/nofp/libgcc.a(_dvmd_tls.o)
                0x080001e8                __aeabi_ldiv0
                0x080001e8                __aeabi_idiv0
 .text          0x080001ec       0x7c /home/dantewebber/.config/Code/User/globalStorage/bmd.stm32-for-vscode/@xpack-dev-tools/arm-none-eabi-gcc/12.3.1-1.1.1/.content/bin/../lib/gcc/arm-none-eabi/12.3.1/thumb/v6-m/nofp/libgcc.a(_arm_cmpdf2.o)
                0x080001ec                __aeabi_cdrcmple
                0x080001fc                __aeabi_cdcmple
                0x080001fc                __aeabi_cdcmpeq
                0x0800020c                __aeabi_dcmpeq
                0x08000218                __aeabi_dcmplt
                0x0800022c                __aeabi_dcmple
                0x08000240                __aeabi_dcmpgt
                0x08000254                __aeabi_dcmpge
 .text          0x08000268       0x3c /home/dantewebber/.config/Code/User/globalStorage/bmd.stm32-for-vscode/@xpack-dev-tools/arm-none-eabi-gcc/12.3.1-1.1.1/.content/bin/../lib/gcc/arm-none-eabi/12.3.1/thumb/v6-m/nofp/libgcc.a(_clzsi2.o)
                0x08000268                __clzsi2
 *(.text*)
 .text.__do_global_dtors_aux
                0x080002a4       0x28 /home/dantewebber/.config/Code/User/globalStorage/bmd.stm32-for-vscode/@xpack-dev-tools/arm-none-eabi-gcc/12.3.1-1.1.1/.content/bin/../lib/gcc/arm-none-eabi/12.3.1/thumb/v6-m/nofp/crtbegin.o
 .text.frame_dummy
                0x080002cc       0x20 /home/dantewebber/.config/Code/User/globalStorage/bmd.stm32-for-vscode/@xpack-dev-tools/arm-none-eabi-gcc/12.3.1-1.1.1/.content/bin/../lib/gcc/arm-none-eabi/12.3.1/thumb/v6-m/nofp/crtbegin.o
 .text.delay    0x080002ec       0x20 build/main.o
                0x080002ec                delay
 .text.pulse_strobe
                0x0800030c       0x38 build/main.o
                0x0800030c                pulse_strobe
 .text.lcd_putchar
                0x08000344      0x124 build/main.o
                0x08000344                lcd_putchar
 .text.lcd_putstring
                0x08000468       0x18 build/main.o
                0x08000468                lcd_putstring
 .text.lcd_command
                0x08000480      0x130 build/main.o
                0x08000480                lcd_command
 .text.init_LCD
                0x080005b0       0x80 build/main.o
                0x080005b0                init_LCD
 .text.TC74A0_ReadTemp
                0x08000630       0x38 build/main.o
                0x08000630                TC74A0_ReadTemp
 .text.set_frequency
                0x08000668       0x24 build/main.o
                0x08000668                set_frequency
 .text.EXTI0_1_IRQHandler
                0x0800068c       0x48 build/main.o
                0x0800068c                EXTI0_1_IRQHandler
 .text.pollADC  0x080006d4       0x28 build/main.o
                0x080006d4                pollADC
 .text.ADCtoCCR
                0x080006fc       0x18 build/main.o
                0x080006fc                ADCtoCCR
 .text.writeLCD
                0x08000714       0x40 build/main.o
                0x08000714                writeLCD
 .text.ADC1_COMP_IRQHandler
                0x08000754       0x20 build/main.o
                0x08000754                ADC1_COMP_IRQHandler
 .text.Error_Handler
                0x08000774        0x4 build/main.o
                0x08000774                Error_Handler
 .text.MX_GPIO_Init
                0x08000778      0x13c build/main.o
 .text.MX_ADC_Init
                0x080008b4       0x9c build/main.o
 .text.MX_TIM3_Init
                0x08000950       0xb0 build/main.o
 .text.MX_I2C1_Init
                0x08000a00       0x58 build/main.o
 .text.SystemClock_Config
                0x08000a58       0xa4 build/main.o
                0x08000a58                SystemClock_Config
 .text.main     0x08000afc       0x78 build/main.o
                0x08000afc                main
 .text.HAL_MspInit
                0x08000b74       0x30 build/stm32f0xx_hal_msp.o
                0x08000b74                HAL_MspInit
 .text.HAL_ADC_MspInit
                0x08000ba4       0x60 build/stm32f0xx_hal_msp.o
                0x08000ba4                HAL_ADC_MspInit
 .text.HAL_TIM_Base_MspInit
                0x08000c04       0x2c build/stm32f0xx_hal_msp.o
                0x08000c04                HAL_TIM_Base_MspInit
 .text.HAL_TIM_MspPostInit
                0x08000c30       0x50 build/stm32f0xx_hal_msp.o
                0x08000c30                HAL_TIM_MspPostInit
 .text.NMI_Handler
                0x08000c80        0x2 build/stm32f0xx_it.o
                0x08000c80                NMI_Handler
 .text.HardFault_Handler
                0x08000c82        0x2 build/stm32f0xx_it.o
                0x08000c82                HardFault_Handler
 .text.SVC_Handler
                0x08000c84        0x2 build/stm32f0xx_it.o
                0x08000c84                SVC_Handler
 .text.PendSV_Handler
                0x08000c86        0x2 build/stm32f0xx_it.o
                0x08000c86                PendSV_Handler
 .text.SysTick_Handler
                0x08000c88        0x8 build/stm32f0xx_it.o
                0x08000c88                SysTick_Handler
 .text.SystemInit
                0x08000c90        0x2 build/system_stm32f0xx.o
                0x08000c90                SystemInit
 *fill*         0x08000c92        0x2 
 .text.HAL_InitTick
                0x08000c94       0x50 build/stm32f0xx_hal.o
                0x08000c94                HAL_InitTick
 .text.HAL_Init
                0x08000ce4       0x20 build/stm32f0xx_hal.o
                0x08000ce4                HAL_Init
 .text.HAL_IncTick
                0x08000d04       0x18 build/stm32f0xx_hal.o
                0x08000d04                HAL_IncTick
 .text.HAL_GetTick
                0x08000d1c        0xc build/stm32f0xx_hal.o
                0x08000d1c                HAL_GetTick
 .text.HAL_Delay
                0x08000d28       0x24 build/stm32f0xx_hal.o
                0x08000d28                HAL_Delay
 .text.ADC_ConversionStop
                0x08000d4c       0x5c build/stm32f0xx_hal_adc.o
 .text.ADC_Disable
                0x08000da8       0x88 build/stm32f0xx_hal_adc.o
 .text.ADC_Enable
                0x08000e30       0xb0 build/stm32f0xx_hal_adc.o
 .text.HAL_ADC_Init
                0x08000ee0      0x184 build/stm32f0xx_hal_adc.o
                0x08000ee0                HAL_ADC_Init
 .text.HAL_ADC_Start
                0x08001064       0x60 build/stm32f0xx_hal_adc.o
                0x08001064                HAL_ADC_Start
 .text.HAL_ADC_Stop
                0x080010c4       0x44 build/stm32f0xx_hal_adc.o
                0x080010c4                HAL_ADC_Stop
 .text.HAL_ADC_GetValue
                0x08001108        0x6 build/stm32f0xx_hal_adc.o
                0x08001108                HAL_ADC_GetValue
 .text.HAL_ADC_ConvCpltCallback
                0x0800110e        0x2 build/stm32f0xx_hal_adc.o
                0x0800110e                HAL_ADC_ConvCpltCallback
 .text.HAL_ADC_LevelOutOfWindowCallback
                0x08001110        0x2 build/stm32f0xx_hal_adc.o
                0x08001110                HAL_ADC_LevelOutOfWindowCallback
 .text.HAL_ADC_ErrorCallback
                0x08001112        0x2 build/stm32f0xx_hal_adc.o
                0x08001112                HAL_ADC_ErrorCallback
 .text.HAL_ADC_IRQHandler
                0x08001114       0xd0 build/stm32f0xx_hal_adc.o
                0x08001114                HAL_ADC_IRQHandler
 .text.HAL_ADC_ConfigChannel
                0x080011e4      0x134 build/stm32f0xx_hal_adc.o
                0x080011e4                HAL_ADC_ConfigChannel
 .text.__NVIC_SetPriority
                0x08001318       0x60 build/stm32f0xx_hal_cortex.o
 .text.SysTick_Config
                0x08001378       0x38 build/stm32f0xx_hal_cortex.o
 .text.HAL_NVIC_SetPriority
                0x080013b0        0x8 build/stm32f0xx_hal_cortex.o
                0x080013b0                HAL_NVIC_SetPriority
 .text.HAL_NVIC_EnableIRQ
                0x080013b8       0x18 build/stm32f0xx_hal_cortex.o
                0x080013b8                HAL_NVIC_EnableIRQ
 .text.HAL_SYSTICK_Config
                0x080013d0        0x8 build/stm32f0xx_hal_cortex.o
                0x080013d0                HAL_SYSTICK_Config
 .text.HAL_GPIO_Init
                0x080013d8      0x188 build/stm32f0xx_hal_gpio.o
                0x080013d8                HAL_GPIO_Init
 .text.HAL_GPIO_TogglePin
                0x08001560       0x10 build/stm32f0xx_hal_gpio.o
                0x08001560                HAL_GPIO_TogglePin
 .text.HAL_GPIO_EXTI_Callback
                0x08001570        0x2 build/stm32f0xx_hal_gpio.o
                0x08001570                HAL_GPIO_EXTI_Callback
 *fill*         0x08001572        0x2 
 .text.HAL_GPIO_EXTI_IRQHandler
                0x08001574       0x1c build/stm32f0xx_hal_gpio.o
                0x08001574                HAL_GPIO_EXTI_IRQHandler
 .text.I2C_Flush_TXDR
                0x08001590       0x1e build/stm32f0xx_hal_i2c.o
 *fill*         0x080015ae        0x2 
 .text.I2C_TransferConfig
                0x080015b0       0x34 build/stm32f0xx_hal_i2c.o
 .text.I2C_IsErrorOccurred
                0x080015e4      0x118 build/stm32f0xx_hal_i2c.o
 .text.I2C_WaitOnFlagUntilTimeout
                0x080016fc       0x70 build/stm32f0xx_hal_i2c.o
 .text.I2C_WaitOnSTOPFlagUntilTimeout
                0x0800176c       0x5a build/stm32f0xx_hal_i2c.o
 *fill*         0x080017c6        0x2 
 .text.I2C_WaitOnRXNEFlagUntilTimeout
                0x080017c8       0xa4 build/stm32f0xx_hal_i2c.o
 .text.HAL_I2C_MspInit
                0x0800186c        0x2 build/stm32f0xx_hal_i2c.o
                0x0800186c                HAL_I2C_MspInit
 *fill*         0x0800186e        0x2 
 .text.HAL_I2C_Init
                0x08001870       0xcc build/stm32f0xx_hal_i2c.o
                0x08001870                HAL_I2C_Init
 .text.HAL_I2C_Master_Receive
                0x0800193c      0x174 build/stm32f0xx_hal_i2c.o
                0x0800193c                HAL_I2C_Master_Receive
 .text.HAL_I2CEx_ConfigAnalogFilter
                0x08001ab0       0x58 build/stm32f0xx_hal_i2c_ex.o
                0x08001ab0                HAL_I2CEx_ConfigAnalogFilter
 .text.HAL_I2CEx_ConfigDigitalFilter
                0x08001b08       0x54 build/stm32f0xx_hal_i2c_ex.o
                0x08001b08                HAL_I2CEx_ConfigDigitalFilter
 .text.TIM_OC1_SetConfig
                0x08001b5c       0x8c build/stm32f0xx_hal_tim.o
 .text.TIM_OC3_SetConfig
                0x08001be8       0x8c build/stm32f0xx_hal_tim.o
 .text.TIM_OC4_SetConfig
                0x08001c74       0x74 build/stm32f0xx_hal_tim.o
 .text.TIM_TI1_ConfigInputStage
                0x08001ce8       0x22 build/stm32f0xx_hal_tim.o
 *fill*         0x08001d0a        0x2 
 .text.TIM_TI2_ConfigInputStage
                0x08001d0c       0x28 build/stm32f0xx_hal_tim.o
 .text.TIM_ITRx_SetConfig
                0x08001d34       0x10 build/stm32f0xx_hal_tim.o
 .text.HAL_TIM_PWM_MspInit
                0x08001d44        0x2 build/stm32f0xx_hal_tim.o
                0x08001d44                HAL_TIM_PWM_MspInit
 *fill*         0x08001d46        0x2 
 .text.TIM_Base_SetConfig
                0x08001d48       0xa4 build/stm32f0xx_hal_tim.o
                0x08001d48                TIM_Base_SetConfig
 .text.HAL_TIM_Base_Init
                0x08001dec       0x58 build/stm32f0xx_hal_tim.o
                0x08001dec                HAL_TIM_Base_Init
 .text.HAL_TIM_PWM_Init
                0x08001e44       0x58 build/stm32f0xx_hal_tim.o
                0x08001e44                HAL_TIM_PWM_Init
 .text.TIM_OC2_SetConfig
                0x08001e9c       0x84 build/stm32f0xx_hal_tim.o
                0x08001e9c                TIM_OC2_SetConfig
 .text.HAL_TIM_PWM_ConfigChannel
                0x08001f20       0xf0 build/stm32f0xx_hal_tim.o
                0x08001f20                HAL_TIM_PWM_ConfigChannel
 .text.TIM_ETR_SetConfig
                0x08002010       0x18 build/stm32f0xx_hal_tim.o
                0x08002010                TIM_ETR_SetConfig
 .text.HAL_TIM_ConfigClockSource
                0x08002028      0x108 build/stm32f0xx_hal_tim.o
                0x08002028                HAL_TIM_ConfigClockSource
 .text.TIM_CCxChannelCmd
                0x08002130       0x1a build/stm32f0xx_hal_tim.o
                0x08002130                TIM_CCxChannelCmd
 *fill*         0x0800214a        0x2 
 .text.HAL_TIM_PWM_Start
                0x0800214c       0xfc build/stm32f0xx_hal_tim.o
                0x0800214c                HAL_TIM_PWM_Start
 .text.HAL_TIMEx_MasterConfigSynchronization
                0x08002248       0x6c build/stm32f0xx_hal_tim_ex.o
                0x08002248                HAL_TIMEx_MasterConfigSynchronization
 .text.LL_EXTI_Init
                0x080022b4       0xc8 build/stm32f0xx_ll_exti.o
                0x080022b4                LL_EXTI_Init
 .text.LL_GPIO_Init
                0x0800237c       0xb8 build/stm32f0xx_ll_gpio.o
                0x0800237c                LL_GPIO_Init
 .text.LL_SetSystemCoreClock
                0x08002434        0xc build/stm32f0xx_ll_utils.o
                0x08002434                LL_SetSystemCoreClock
 .text.Reset_Handler
                0x08002440       0x50 build/startup_stm32f051x8.o
                0x08002440                Reset_Handler
 .text.Default_Handler
                0x08002490        0x2 build/startup_stm32f051x8.o
                0x08002490                TIM1_CC_IRQHandler
                0x08002490                TSC_IRQHandler
                0x08002490                PVD_IRQHandler
                0x08002490                I2C1_IRQHandler
                0x08002490                RCC_CRS_IRQHandler
                0x08002490                SPI1_IRQHandler
                0x08002490                TIM6_DAC_IRQHandler
                0x08002490                EXTI2_3_IRQHandler
                0x08002490                I2C2_IRQHandler
                0x08002490                TIM17_IRQHandler
                0x08002490                CEC_CAN_IRQHandler
                0x08002490                RTC_IRQHandler
                0x08002490                TIM16_IRQHandler
                0x08002490                TIM3_IRQHandler
                0x08002490                EXTI4_15_IRQHandler
                0x08002490                DMA1_Channel1_IRQHandler
                0x08002490                Default_Handler
                0x08002490                TIM14_IRQHandler
                0x08002490                DMA1_Channel4_5_IRQHandler
                0x08002490                TIM15_IRQHandler
                0x08002490                SPI2_IRQHandler
                0x08002490                WWDG_IRQHandler
                0x08002490                TIM2_IRQHandler
                0x08002490                DMA1_Channel2_3_IRQHandler
                0x08002490                USART2_IRQHandler
                0x08002490                FLASH_IRQHandler
                0x08002490                USART1_IRQHandler
                0x08002490                TIM1_BRK_UP_TRG_COM_IRQHandler
 *fill*         0x08002492        0x2 
 .text.sprintf  0x08002494       0x40 /home/dantewebber/.config/Code/User/globalStorage/bmd.stm32-for-vscode/@xpack-dev-tools/arm-none-eabi-gcc/12.3.1-1.1.1/.content/bin/../lib/gcc/arm-none-eabi/12.3.1/../../../../arm-none-eabi/lib/thumb/v6-m/nofp/libc_nano.a(libc_a-sprintf.o)
                0x08002494                sprintf
                0x08002494                siprintf
 .text.memset   0x080024d4       0x10 /home/dantewebber/.config/Code/User/globalStorage/bmd.stm32-for-vscode/@xpack-dev-tools/arm-none-eabi-gcc/12.3.1-1.1.1/.content/bin/../lib/gcc/arm-none-eabi/12.3.1/../../../../arm-none-eabi/lib/thumb/v6-m/nofp/libc_nano.a(libc_a-memset.o)
                0x080024d4                memset
 .text.__libc_init_array
                0x080024e4       0x48 /home/dantewebber/.config/Code/User/globalStorage/bmd.stm32-for-vscode/@xpack-dev-tools/arm-none-eabi-gcc/12.3.1-1.1.1/.content/bin/../lib/gcc/arm-none-eabi/12.3.1/../../../../arm-none-eabi/lib/thumb/v6-m/nofp/libc_nano.a(libc_a-init.o)
                0x080024e4                __libc_init_array
 .text.__retarget_lock_acquire_recursive
                0x0800252c        0x2 /home/dantewebber/.config/Code/User/globalStorage/bmd.stm32-for-vscode/@xpack-dev-tools/arm-none-eabi-gcc/12.3.1-1.1.1/.content/bin/../lib/gcc/arm-none-eabi/12.3.1/../../../../arm-none-eabi/lib/thumb/v6-m/nofp/libc_nano.a(libc_a-lock.o)
                0x0800252c                __retarget_lock_acquire_recursive
 .text.__retarget_lock_release_recursive
                0x0800252e        0x2 /home/dantewebber/.config/Code/User/globalStorage/bmd.stm32-for-vscode/@xpack-dev-tools/arm-none-eabi-gcc/12.3.1-1.1.1/.content/bin/../lib/gcc/arm-none-eabi/12.3.1/../../../../arm-none-eabi/lib/thumb/v6-m/nofp/libc_nano.a(libc_a-lock.o)
                0x0800252e                __retarget_lock_release_recursive
 .text._free_r  0x08002530       0x94 /home/dantewebber/.config/Code/User/globalStorage/bmd.stm32-for-vscode/@xpack-dev-tools/arm-none-eabi-gcc/12.3.1-1.1.1/.content/bin/../lib/gcc/arm-none-eabi/12.3.1/../../../../arm-none-eabi/lib/thumb/v6-m/nofp/libc_nano.a(libc_a-freer.o)
                0x08002530                _free_r
 .text.sbrk_aligned
                0x080025c4       0x44 /home/dantewebber/.config/Code/User/globalStorage/bmd.stm32-for-vscode/@xpack-dev-tools/arm-none-eabi-gcc/12.3.1-1.1.1/.content/bin/../lib/gcc/arm-none-eabi/12.3.1/../../../../arm-none-eabi/lib/thumb/v6-m/nofp/libc_nano.a(libc_a-mallocr.o)
 .text._malloc_r
                0x08002608      0x100 /home/dantewebber/.config/Code/User/globalStorage/bmd.stm32-for-vscode/@xpack-dev-tools/arm-none-eabi-gcc/12.3.1-1.1.1/.content/bin/../lib/gcc/arm-none-eabi/12.3.1/../../../../arm-none-eabi/lib/thumb/v6-m/nofp/libc_nano.a(libc_a-mallocr.o)
                0x08002608                _malloc_r
 .text.__malloc_lock
                0x08002708       0x10 /home/dantewebber/.config/Code/User/globalStorage/bmd.stm32-for-vscode/@xpack-dev-tools/arm-none-eabi-gcc/12.3.1-1.1.1/.content/bin/../lib/gcc/arm-none-eabi/12.3.1/../../../../arm-none-eabi/lib/thumb/v6-m/nofp/libc_nano.a(libc_a-mlock.o)
                0x08002708                __malloc_lock
 .text.__malloc_unlock
                0x08002718       0x10 /home/dantewebber/.config/Code/User/globalStorage/bmd.stm32-for-vscode/@xpack-dev-tools/arm-none-eabi-gcc/12.3.1-1.1.1/.content/bin/../lib/gcc/arm-none-eabi/12.3.1/../../../../arm-none-eabi/lib/thumb/v6-m/nofp/libc_nano.a(libc_a-mlock.o)
                0x08002718                __malloc_unlock
 .text.__ssputs_r
                0x08002728       0xc0 /home/dantewebber/.config/Code/User/globalStorage/bmd.stm32-for-vscode/@xpack-dev-tools/arm-none-eabi-gcc/12.3.1-1.1.1/.content/bin/../lib/gcc/arm-none-eabi/12.3.1/../../../../arm-none-eabi/lib/thumb/v6-m/nofp/libc_nano.a(libc_a-nano-svfprintf.o)
                0x08002728                __ssputs_r
 .text._svfprintf_r
                0x080027e8      0x1fc /home/dantewebber/.config/Code/User/globalStorage/bmd.stm32-for-vscode/@xpack-dev-tools/arm-none-eabi-gcc/12.3.1-1.1.1/.content/bin/../lib/gcc/arm-none-eabi/12.3.1/../../../../arm-none-eabi/lib/thumb/v6-m/nofp/libc_nano.a(libc_a-nano-svfprintf.o)
                0x080027e8                _svfprintf_r
                0x080027e8                _svfiprintf_r
 .text._printf_common
                0x080029e4       0xde /home/dantewebber/.config/Code/User/globalStorage/bmd.stm32-for-vscode/@xpack-dev-tools/arm-none-eabi-gcc/12.3.1-1.1.1/.content/bin/../lib/gcc/arm-none-eabi/12.3.1/../../../../arm-none-eabi/lib/thumb/v6-m/nofp/libc_nano.a(libc_a-nano-vfprintf_i.o)
                0x080029e4                _printf_common
 *fill*         0x08002ac2        0x2 
 .text._printf_i
                0x08002ac4      0x234 /home/dantewebber/.config/Code/User/globalStorage/bmd.stm32-for-vscode/@xpack-dev-tools/arm-none-eabi-gcc/12.3.1-1.1.1/.content/bin/../lib/gcc/arm-none-eabi/12.3.1/../../../../arm-none-eabi/lib/thumb/v6-m/nofp/libc_nano.a(libc_a-nano-vfprintf_i.o)
                0x08002ac4                _printf_i
 .text.memmove  0x08002cf8       0x26 /home/dantewebber/.config/Code/User/globalStorage/bmd.stm32-for-vscode/@xpack-dev-tools/arm-none-eabi-gcc/12.3.1-1.1.1/.content/bin/../lib/gcc/arm-none-eabi/12.3.1/../../../../arm-none-eabi/lib/thumb/v6-m/nofp/libc_nano.a(libc_a-memmove.o)
                0x08002cf8                memmove
 *fill*         0x08002d1e        0x2 
 .text._sbrk_r  0x08002d20       0x24 /home/dantewebber/.config/Code/User/globalStorage/bmd.stm32-for-vscode/@xpack-dev-tools/arm-none-eabi-gcc/12.3.1-1.1.1/.content/bin/../lib/gcc/arm-none-eabi/12.3.1/../../../../arm-none-eabi/lib/thumb/v6-m/nofp/libc_nano.a(libc_a-sbrkr.o)
                0x08002d20                _sbrk_r
 .text.memchr   0x08002d44       0x16 /home/dantewebber/.config/Code/User/globalStorage/bmd.stm32-for-vscode/@xpack-dev-tools/arm-none-eabi-gcc/12.3.1-1.1.1/.content/bin/../lib/gcc/arm-none-eabi/12.3.1/../../../../arm-none-eabi/lib/thumb/v6-m/nofp/libc_nano.a(libc_a-memchr-stub.o)
                0x08002d44                memchr
 .text.memcpy   0x08002d5a       0x12 /home/dantewebber/.config/Code/User/globalStorage/bmd.stm32-for-vscode/@xpack-dev-tools/arm-none-eabi-gcc/12.3.1-1.1.1/.content/bin/../lib/gcc/arm-none-eabi/12.3.1/../../../../arm-none-eabi/lib/thumb/v6-m/nofp/libc_nano.a(libc_a-memcpy-stub.o)
                0x08002d5a                memcpy
 .text._realloc_r
                0x08002d6c       0x5e /home/dantewebber/.config/Code/User/globalStorage/bmd.stm32-for-vscode/@xpack-dev-tools/arm-none-eabi-gcc/12.3.1-1.1.1/.content/bin/../lib/gcc/arm-none-eabi/12.3.1/../../../../arm-none-eabi/lib/thumb/v6-m/nofp/libc_nano.a(libc_a-reallocr.o)
                0x08002d6c                _realloc_r
 .text._malloc_usable_size_r
                0x08002dca       0x10 /home/dantewebber/.config/Code/User/globalStorage/bmd.stm32-for-vscode/@xpack-dev-tools/arm-none-eabi-gcc/12.3.1-1.1.1/.content/bin/../lib/gcc/arm-none-eabi/12.3.1/../../../../arm-none-eabi/lib/thumb/v6-m/nofp/libc_nano.a(libc_a-msizer.o)
                0x08002dca                _malloc_usable_size_r
 *fill*         0x08002dda        0x2 
 .text._sbrk    0x08002ddc       0x1c /home/dantewebber/.config/Code/User/globalStorage/bmd.stm32-for-vscode/@xpack-dev-tools/arm-none-eabi-gcc/12.3.1-1.1.1/.content/bin/../lib/gcc/arm-none-eabi/12.3.1/../../../../arm-none-eabi/lib/thumb/v6-m/nofp/libnosys.a(sbrk.o)
                0x08002ddc                _sbrk
 .text.__fixunsdfsi
                0x08002df8       0x3c /home/dantewebber/.config/Code/User/globalStorage/bmd.stm32-for-vscode/@xpack-dev-tools/arm-none-eabi-gcc/12.3.1-1.1.1/.content/bin/../lib/gcc/arm-none-eabi/12.3.1/thumb/v6-m/nofp/libgcc.a(_fixunsdfsi.o)
                0x08002df8                __fixunsdfsi
                0x08002df8                __aeabi_d2uiz
 .text.__aeabi_dmul
                0x08002e34      0x590 /home/dantewebber/.config/Code/User/globalStorage/bmd.stm32-for-vscode/@xpack-dev-tools/arm-none-eabi-gcc/12.3.1-1.1.1/.content/bin/../lib/gcc/arm-none-eabi/12.3.1/thumb/v6-m/nofp/libgcc.a(muldf3.o)
                0x08002e34                __aeabi_dmul
 .text.__aeabi_dsub
                0x080033c4      0x738 /home/dantewebber/.config/Code/User/globalStorage/bmd.stm32-for-vscode/@xpack-dev-tools/arm-none-eabi-gcc/12.3.1-1.1.1/.content/bin/../lib/gcc/arm-none-eabi/12.3.1/thumb/v6-m/nofp/libgcc.a(subdf3.o)
                0x080033c4                __aeabi_dsub
 .text.__aeabi_d2iz
                0x08003afc       0x78 /home/dantewebber/.config/Code/User/globalStorage/bmd.stm32-for-vscode/@xpack-dev-tools/arm-none-eabi-gcc/12.3.1-1.1.1/.content/bin/../lib/gcc/arm-none-eabi/12.3.1/thumb/v6-m/nofp/libgcc.a(fixdfsi.o)
                0x08003afc                __aeabi_d2iz
 .text.__aeabi_ui2d
                0x08003b74       0x48 /home/dantewebber/.config/Code/User/globalStorage/bmd.stm32-for-vscode/@xpack-dev-tools/arm-none-eabi-gcc/12.3.1-1.1.1/.content/bin/../lib/gcc/arm-none-eabi/12.3.1/thumb/v6-m/nofp/libgcc.a(floatunsidf.o)
                0x08003b74                __aeabi_ui2d
 .text.__eqdf2  0x08003bbc       0x88 /home/dantewebber/.config/Code/User/globalStorage/bmd.stm32-for-vscode/@xpack-dev-tools/arm-none-eabi-gcc/12.3.1-1.1.1/.content/bin/../lib/gcc/arm-none-eabi/12.3.1/thumb/v6-m/nofp/libgcc.a(eqdf2.o)
                0x08003bbc                __eqdf2
                0x08003bbc                __nedf2
 .text.__gedf2  0x08003c44       0xe8 /home/dantewebber/.config/Code/User/globalStorage/bmd.stm32-for-vscode/@xpack-dev-tools/arm-none-eabi-gcc/12.3.1-1.1.1/.content/bin/../lib/gcc/arm-none-eabi/12.3.1/thumb/v6-m/nofp/libgcc.a(gedf2.o)
                0x08003c44                __gtdf2
                0x08003c44                __gedf2
 .text.__ledf2  0x08003d2c       0xe4 /home/dantewebber/.config/Code/User/globalStorage/bmd.stm32-for-vscode/@xpack-dev-tools/arm-none-eabi-gcc/12.3.1-1.1.1/.content/bin/../lib/gcc/arm-none-eabi/12.3.1/thumb/v6-m/nofp/libgcc.a(ledf2.o)
                0x08003d2c                __ltdf2
                0x08003d2c                __ledf2
 *(.glue_7)
 .glue_7        0x08003e10        0x0 linker stubs
 *(.glue_7t)
 .glue_7t       0x08003e10        0x0 linker stubs
 *(.eh_frame)
 .eh_frame      0x08003e10        0x0 /home/dantewebber/.config/Code/User/globalStorage/bmd.stm32-for-vscode/@xpack-dev-tools/arm-none-eabi-gcc/12.3.1-1.1.1/.content/bin/../lib/gcc/arm-none-eabi/12.3.1/thumb/v6-m/nofp/crtbegin.o
 *(.init)
 .init          0x08003e10        0x4 /home/dantewebber/.config/Code/User/globalStorage/bmd.stm32-for-vscode/@xpack-dev-tools/arm-none-eabi-gcc/12.3.1-1.1.1/.content/bin/../lib/gcc/arm-none-eabi/12.3.1/thumb/v6-m/nofp/crti.o
                0x08003e10                _init
 .init          0x08003e14        0x8 /home/dantewebber/.config/Code/User/globalStorage/bmd.stm32-for-vscode/@xpack-dev-tools/arm-none-eabi-gcc/12.3.1-1.1.1/.content/bin/../lib/gcc/arm-none-eabi/12.3.1/thumb/v6-m/nofp/crtn.o
 *(.fini)
 .fini          0x08003e1c        0x4 /home/dantewebber/.config/Code/User/globalStorage/bmd.stm32-for-vscode/@xpack-dev-tools/arm-none-eabi-gcc/12.3.1-1.1.1/.content/bin/../lib/gcc/arm-none-eabi/12.3.1/thumb/v6-m/nofp/crti.o
                0x08003e1c                _fini
 .fini          0x08003e20        0x8 /home/dantewebber/.config/Code/User/globalStorage/bmd.stm32-for-vscode/@xpack-dev-tools/arm-none-eabi-gcc/12.3.1-1.1.1/.content/bin/../lib/gcc/arm-none-eabi/12.3.1/thumb/v6-m/nofp/crtn.o
                0x08003e28                        . = ALIGN (0x4)
                0x08003e28                        _etext = .

.vfp11_veneer   0x08003e28        0x0
 .vfp11_veneer  0x08003e28        0x0 linker stubs

.v4_bx          0x08003e28        0x0
 .v4_bx         0x08003e28        0x0 linker stubs

.iplt           0x08003e28        0x0
 .iplt          0x08003e28        0x0 /home/dantewebber/.config/Code/User/globalStorage/bmd.stm32-for-vscode/@xpack-dev-tools/arm-none-eabi-gcc/12.3.1-1.1.1/.content/bin/../lib/gcc/arm-none-eabi/12.3.1/thumb/v6-m/nofp/crtbegin.o

.rodata         0x08003e28       0x38
                0x08003e28                        . = ALIGN (0x4)
 *(.rodata)
 *(.rodata*)
 .rodata.writeLCD.str1.4
                0x08003e28        0x4 build/main.o
 .rodata._svfprintf_r.str1.1
                0x08003e2c       0x11 /home/dantewebber/.config/Code/User/globalStorage/bmd.stm32-for-vscode/@xpack-dev-tools/arm-none-eabi-gcc/12.3.1-1.1.1/.content/bin/../lib/gcc/arm-none-eabi/12.3.1/../../../../arm-none-eabi/lib/thumb/v6-m/nofp/libc_nano.a(libc_a-nano-svfprintf.o)
 .rodata._printf_i.str1.1
                0x08003e3d       0x22 /home/dantewebber/.config/Code/User/globalStorage/bmd.stm32-for-vscode/@xpack-dev-tools/arm-none-eabi-gcc/12.3.1-1.1.1/.content/bin/../lib/gcc/arm-none-eabi/12.3.1/../../../../arm-none-eabi/lib/thumb/v6-m/nofp/libc_nano.a(libc_a-nano-vfprintf_i.o)
                0x08003e60                        . = ALIGN (0x4)
 *fill*         0x08003e5f        0x1 

.rel.dyn        0x08003e60        0x0
 .rel.iplt      0x08003e60        0x0 /home/dantewebber/.config/Code/User/globalStorage/bmd.stm32-for-vscode/@xpack-dev-tools/arm-none-eabi-gcc/12.3.1-1.1.1/.content/bin/../lib/gcc/arm-none-eabi/12.3.1/thumb/v6-m/nofp/crtbegin.o

.ARM.extab      0x08003e60        0x0
                0x08003e60                        . = ALIGN (0x4)
 *(.ARM.extab* .gnu.linkonce.armextab.*)
                0x08003e60                        . = ALIGN (0x4)

.ARM            0x08003e60        0x0
                0x08003e60                        . = ALIGN (0x4)
                0x08003e60                        __exidx_start = .
 *(.ARM.exidx*)
                0x08003e60                        __exidx_end = .
                0x08003e60                        . = ALIGN (0x4)

.preinit_array  0x08003e60        0x0
                0x08003e60                        . = ALIGN (0x4)
                0x08003e60                        PROVIDE (__preinit_array_start = .)
 *(.preinit_array*)
                0x08003e60                        PROVIDE (__preinit_array_end = .)
                0x08003e60                        . = ALIGN (0x4)

.init_array     0x08003e60        0x4
                0x08003e60                        . = ALIGN (0x4)
                0x08003e60                        PROVIDE (__init_array_start = .)
 *(SORT_BY_NAME(.init_array.*))
 *(.init_array*)
 .init_array    0x08003e60        0x4 /home/dantewebber/.config/Code/User/globalStorage/bmd.stm32-for-vscode/@xpack-dev-tools/arm-none-eabi-gcc/12.3.1-1.1.1/.content/bin/../lib/gcc/arm-none-eabi/12.3.1/thumb/v6-m/nofp/crtbegin.o
                0x08003e64                        PROVIDE (__init_array_end = .)
                0x08003e64                        . = ALIGN (0x4)

.fini_array     0x08003e64        0x4
                0x08003e64                        . = ALIGN (0x4)
                0x08003e64                        PROVIDE (__fini_array_start = .)
 *(SORT_BY_NAME(.fini_array.*))
 *(.fini_array*)
 .fini_array    0x08003e64        0x4 /home/dantewebber/.config/Code/User/globalStorage/bmd.stm32-for-vscode/@xpack-dev-tools/arm-none-eabi-gcc/12.3.1-1.1.1/.content/bin/../lib/gcc/arm-none-eabi/12.3.1/thumb/v6-m/nofp/crtbegin.o
                0x08003e68                        PROVIDE (__fini_array_end = .)
                0x08003e68                        . = ALIGN (0x4)
                0x08003e68                        _sidata = LOADADDR (.data)

.data           0x20000000       0x68 load address 0x08003e68
                0x20000000                        . = ALIGN (0x4)
                0x20000000                        _sdata = .
 *(.data)
 *(.data*)
 .data.temp_Address
                0x20000000        0x1 build/main.o
                0x20000000                temp_Address
 *fill*         0x20000001        0x3 
 .data.frequency
                0x20000004        0x4 build/main.o
                0x20000004                frequency
 .data.delay_t  0x20000008        0x4 build/main.o
                0x20000008                delay_t
 .data.SystemCoreClock
                0x2000000c        0x4 build/system_stm32f0xx.o
                0x2000000c                SystemCoreClock
 .data.uwTickFreq
                0x20000010        0x1 build/stm32f0xx_hal.o
                0x20000010                uwTickFreq
 *fill*         0x20000011        0x3 
 .data.uwTickPrio
                0x20000014        0x4 build/stm32f0xx_hal.o
                0x20000014                uwTickPrio
 .data._impure_ptr
                0x20000018        0x4 /home/dantewebber/.config/Code/User/globalStorage/bmd.stm32-for-vscode/@xpack-dev-tools/arm-none-eabi-gcc/12.3.1-1.1.1/.content/bin/../lib/gcc/arm-none-eabi/12.3.1/../../../../arm-none-eabi/lib/thumb/v6-m/nofp/libc_nano.a(libc_a-impure.o)
                0x20000018                _impure_ptr
 .data._impure_data
                0x2000001c       0x4c /home/dantewebber/.config/Code/User/globalStorage/bmd.stm32-for-vscode/@xpack-dev-tools/arm-none-eabi-gcc/12.3.1-1.1.1/.content/bin/../lib/gcc/arm-none-eabi/12.3.1/../../../../arm-none-eabi/lib/thumb/v6-m/nofp/libc_nano.a(libc_a-impure.o)
                0x2000001c                _impure_data
 *(.RamFunc)
 *(.RamFunc*)
                0x20000068                        . = ALIGN (0x4)
                0x20000068                        _edata = .

.igot.plt       0x20000068        0x0 load address 0x08003ed0
 .igot.plt      0x20000068        0x0 /home/dantewebber/.config/Code/User/globalStorage/bmd.stm32-for-vscode/@xpack-dev-tools/arm-none-eabi-gcc/12.3.1-1.1.1/.content/bin/../lib/gcc/arm-none-eabi/12.3.1/thumb/v6-m/nofp/crtbegin.o
                0x20000068                        . = ALIGN (0x4)

.bss            0x20000068      0x2ac load address 0x08003ed0
                0x20000068                        _sbss = .
                0x20000068                        __bss_start__ = _sbss
 *(.bss)
 *(.bss*)
 .bss.completed.1
                0x20000068        0x1 /home/dantewebber/.config/Code/User/globalStorage/bmd.stm32-for-vscode/@xpack-dev-tools/arm-none-eabi-gcc/12.3.1-1.1.1/.content/bin/../lib/gcc/arm-none-eabi/12.3.1/thumb/v6-m/nofp/crtbegin.o
 *fill*         0x20000069        0x3 
 .bss.object.0  0x2000006c       0x18 /home/dantewebber/.config/Code/User/globalStorage/bmd.stm32-for-vscode/@xpack-dev-tools/arm-none-eabi-gcc/12.3.1-1.1.1/.content/bin/../lib/gcc/arm-none-eabi/12.3.1/thumb/v6-m/nofp/crtbegin.o
 .bss.tempRead  0x20000084        0x1 build/main.o
                0x20000084                tempRead
 *fill*         0x20000085        0x3 
 .bss.hi2c2     0x20000088       0x54 build/main.o
                0x20000088                hi2c2
 .bss.hi2c1     0x200000dc       0x54 build/main.o
                0x200000dc                hi2c1
 .bss.currentTick
                0x20000130        0x4 build/main.o
                0x20000130                currentTick
 .bss.ccr_val   0x20000134        0x4 build/main.o
                0x20000134                ccr_val
 .bss.adc_val   0x20000138        0x4 build/main.o
                0x20000138                adc_val
 .bss.htim3     0x2000013c       0x48 build/main.o
                0x2000013c                htim3
 .bss.hadc      0x20000184       0x40 build/main.o
                0x20000184                hadc
 .bss.uwTick    0x200001c4        0x4 build/stm32f0xx_hal.o
                0x200001c4                uwTick
 .bss.__sf      0x200001c8      0x138 /home/dantewebber/.config/Code/User/globalStorage/bmd.stm32-for-vscode/@xpack-dev-tools/arm-none-eabi-gcc/12.3.1-1.1.1/.content/bin/../lib/gcc/arm-none-eabi/12.3.1/../../../../arm-none-eabi/lib/thumb/v6-m/nofp/libc_nano.a(libc_a-findfp.o)
                0x200001c8                __sf
 .bss.errno     0x20000300        0x4 /home/dantewebber/.config/Code/User/globalStorage/bmd.stm32-for-vscode/@xpack-dev-tools/arm-none-eabi-gcc/12.3.1-1.1.1/.content/bin/../lib/gcc/arm-none-eabi/12.3.1/../../../../arm-none-eabi/lib/thumb/v6-m/nofp/libc_nano.a(libc_a-reent.o)
                0x20000300                errno
 .bss.__lock___malloc_recursive_mutex
                0x20000304        0x1 /home/dantewebber/.config/Code/User/globalStorage/bmd.stm32-for-vscode/@xpack-dev-tools/arm-none-eabi-gcc/12.3.1-1.1.1/.content/bin/../lib/gcc/arm-none-eabi/12.3.1/../../../../arm-none-eabi/lib/thumb/v6-m/nofp/libc_nano.a(libc_a-lock.o)
                0x20000304                __lock___malloc_recursive_mutex
 *fill*         0x20000305        0x3 
 .bss.__malloc_sbrk_start
                0x20000308        0x4 /home/dantewebber/.config/Code/User/globalStorage/bmd.stm32-for-vscode/@xpack-dev-tools/arm-none-eabi-gcc/12.3.1-1.1.1/.content/bin/../lib/gcc/arm-none-eabi/12.3.1/../../../../arm-none-eabi/lib/thumb/v6-m/nofp/libc_nano.a(libc_a-mallocr.o)
                0x20000308                __malloc_sbrk_start
 .bss.__malloc_free_list
                0x2000030c        0x4 /home/dantewebber/.config/Code/User/globalStorage/bmd.stm32-for-vscode/@xpack-dev-tools/arm-none-eabi-gcc/12.3.1-1.1.1/.content/bin/../lib/gcc/arm-none-eabi/12.3.1/../../../../arm-none-eabi/lib/thumb/v6-m/nofp/libc_nano.a(libc_a-mallocr.o)
                0x2000030c                __malloc_free_list
 .bss.heap_end.0
                0x20000310        0x4 /home/dantewebber/.config/Code/User/globalStorage/bmd.stm32-for-vscode/@xpack-dev-tools/arm-none-eabi-gcc/12.3.1-1.1.1/.content/bin/../lib/gcc/arm-none-eabi/12.3.1/../../../../arm-none-eabi/lib/thumb/v6-m/nofp/libnosys.a(sbrk.o)
 *(COMMON)
                0x20000314                        . = ALIGN (0x4)
                0x20000314                        _ebss = .
                0x20000314                        __bss_end__ = _ebss

._user_heap_stack
                0x20000314      0x604 load address 0x08003ed0
                0x20000318                        . = ALIGN (0x8)
 *fill*         0x20000314        0x4 
                0x20000318                        PROVIDE (end = .)
                [!provide]                        PROVIDE (_end = .)
                0x20000518                        . = (. + _Min_Heap_Size)
 *fill*         0x20000318      0x200 
                0x20000918                        . = (. + _Min_Stack_Size)
 *fill*         0x20000518      0x400 
                0x20000918                        . = ALIGN (0x8)

/DISCARD/
 libc.a(*)
 libm.a(*)
 libgcc.a(*)

.ARM.attributes
                0x00000000       0x28
 *(.ARM.attributes)
 .ARM.attributes
                0x00000000       0x1e /home/dantewebber/.config/Code/User/globalStorage/bmd.stm32-for-vscode/@xpack-dev-tools/arm-none-eabi-gcc/12.3.1-1.1.1/.content/bin/../lib/gcc/arm-none-eabi/12.3.1/thumb/v6-m/nofp/crti.o
 .ARM.attributes
                0x0000001e       0x2c /home/dantewebber/.config/Code/User/globalStorage/bmd.stm32-for-vscode/@xpack-dev-tools/arm-none-eabi-gcc/12.3.1-1.1.1/.content/bin/../lib/gcc/arm-none-eabi/12.3.1/thumb/v6-m/nofp/crtbegin.o
 .ARM.attributes
                0x0000004a       0x2c build/main.o
 .ARM.attributes
                0x00000076       0x2c build/stm32f0xx_hal_msp.o
 .ARM.attributes
                0x000000a2       0x2c build/stm32f0xx_it.o
 .ARM.attributes
                0x000000ce       0x2c build/system_stm32f0xx.o
 .ARM.attributes
                0x000000fa       0x2c build/stm32f0xx_hal.o
 .ARM.attributes
                0x00000126       0x2c build/stm32f0xx_hal_adc.o
 .ARM.attributes
                0x00000152       0x2c build/stm32f0xx_hal_cortex.o
 .ARM.attributes
                0x0000017e       0x2c build/stm32f0xx_hal_gpio.o
 .ARM.attributes
                0x000001aa       0x2c build/stm32f0xx_hal_i2c.o
 .ARM.attributes
                0x000001d6       0x2c build/stm32f0xx_hal_i2c_ex.o
 .ARM.attributes
                0x00000202       0x2c build/stm32f0xx_hal_tim.o
 .ARM.attributes
                0x0000022e       0x2c build/stm32f0xx_hal_tim_ex.o
 .ARM.attributes
                0x0000025a       0x2c build/stm32f0xx_ll_exti.o
 .ARM.attributes
                0x00000286       0x2c build/stm32f0xx_ll_gpio.o
 .ARM.attributes
                0x000002b2       0x2c build/stm32f0xx_ll_utils.o
 .ARM.attributes
                0x000002de       0x21 build/startup_stm32f051x8.o
 .ARM.attributes
                0x000002ff       0x2c /home/dantewebber/.config/Code/User/globalStorage/bmd.stm32-for-vscode/@xpack-dev-tools/arm-none-eabi-gcc/12.3.1-1.1.1/.content/bin/../lib/gcc/arm-none-eabi/12.3.1/../../../../arm-none-eabi/lib/thumb/v6-m/nofp/libc_nano.a(libc_a-findfp.o)
 .ARM.attributes
                0x0000032b       0x2c /home/dantewebber/.config/Code/User/globalStorage/bmd.stm32-for-vscode/@xpack-dev-tools/arm-none-eabi-gcc/12.3.1-1.1.1/.content/bin/../lib/gcc/arm-none-eabi/12.3.1/../../../../arm-none-eabi/lib/thumb/v6-m/nofp/libc_nano.a(libc_a-sprintf.o)
 .ARM.attributes
                0x00000357       0x2c /home/dantewebber/.config/Code/User/globalStorage/bmd.stm32-for-vscode/@xpack-dev-tools/arm-none-eabi-gcc/12.3.1-1.1.1/.content/bin/../lib/gcc/arm-none-eabi/12.3.1/../../../../arm-none-eabi/lib/thumb/v6-m/nofp/libc_nano.a(libc_a-memset.o)
 .ARM.attributes
                0x00000383       0x2c /home/dantewebber/.config/Code/User/globalStorage/bmd.stm32-for-vscode/@xpack-dev-tools/arm-none-eabi-gcc/12.3.1-1.1.1/.content/bin/../lib/gcc/arm-none-eabi/12.3.1/../../../../arm-none-eabi/lib/thumb/v6-m/nofp/libc_nano.a(libc_a-reent.o)
 .ARM.attributes
                0x000003af       0x2c /home/dantewebber/.config/Code/User/globalStorage/bmd.stm32-for-vscode/@xpack-dev-tools/arm-none-eabi-gcc/12.3.1-1.1.1/.content/bin/../lib/gcc/arm-none-eabi/12.3.1/../../../../arm-none-eabi/lib/thumb/v6-m/nofp/libc_nano.a(libc_a-impure.o)
 .ARM.attributes
                0x000003db       0x2c /home/dantewebber/.config/Code/User/globalStorage/bmd.stm32-for-vscode/@xpack-dev-tools/arm-none-eabi-gcc/12.3.1-1.1.1/.content/bin/../lib/gcc/arm-none-eabi/12.3.1/../../../../arm-none-eabi/lib/thumb/v6-m/nofp/libc_nano.a(libc_a-init.o)
 .ARM.attributes
                0x00000407       0x2c /home/dantewebber/.config/Code/User/globalStorage/bmd.stm32-for-vscode/@xpack-dev-tools/arm-none-eabi-gcc/12.3.1-1.1.1/.content/bin/../lib/gcc/arm-none-eabi/12.3.1/../../../../arm-none-eabi/lib/thumb/v6-m/nofp/libc_nano.a(libc_a-lock.o)
 .ARM.attributes
                0x00000433       0x2c /home/dantewebber/.config/Code/User/globalStorage/bmd.stm32-for-vscode/@xpack-dev-tools/arm-none-eabi-gcc/12.3.1-1.1.1/.content/bin/../lib/gcc/arm-none-eabi/12.3.1/../../../../arm-none-eabi/lib/thumb/v6-m/nofp/libc_nano.a(libc_a-freer.o)
 .ARM.attributes
                0x0000045f       0x2c /home/dantewebber/.config/Code/User/globalStorage/bmd.stm32-for-vscode/@xpack-dev-tools/arm-none-eabi-gcc/12.3.1-1.1.1/.content/bin/../lib/gcc/arm-none-eabi/12.3.1/../../../../arm-none-eabi/lib/thumb/v6-m/nofp/libc_nano.a(libc_a-mallocr.o)
 .ARM.attributes
                0x0000048b       0x2c /home/dantewebber/.config/Code/User/globalStorage/bmd.stm32-for-vscode/@xpack-dev-tools/arm-none-eabi-gcc/12.3.1-1.1.1/.content/bin/../lib/gcc/arm-none-eabi/12.3.1/../../../../arm-none-eabi/lib/thumb/v6-m/nofp/libc_nano.a(libc_a-mlock.o)
 .ARM.attributes
                0x000004b7       0x2c /home/dantewebber/.config/Code/User/globalStorage/bmd.stm32-for-vscode/@xpack-dev-tools/arm-none-eabi-gcc/12.3.1-1.1.1/.content/bin/../lib/gcc/arm-none-eabi/12.3.1/../../../../arm-none-eabi/lib/thumb/v6-m/nofp/libc_nano.a(libc_a-nano-svfprintf.o)
 .ARM.attributes
                0x000004e3       0x2c /home/dantewebber/.config/Code/User/globalStorage/bmd.stm32-for-vscode/@xpack-dev-tools/arm-none-eabi-gcc/12.3.1-1.1.1/.content/bin/../lib/gcc/arm-none-eabi/12.3.1/../../../../arm-none-eabi/lib/thumb/v6-m/nofp/libc_nano.a(libc_a-nano-vfprintf_i.o)
 .ARM.attributes
                0x0000050f       0x2c /home/dantewebber/.config/Code/User/globalStorage/bmd.stm32-for-vscode/@xpack-dev-tools/arm-none-eabi-gcc/12.3.1-1.1.1/.content/bin/../lib/gcc/arm-none-eabi/12.3.1/../../../../arm-none-eabi/lib/thumb/v6-m/nofp/libc_nano.a(libc_a-memmove.o)
 .ARM.attributes
                0x0000053b       0x2c /home/dantewebber/.config/Code/User/globalStorage/bmd.stm32-for-vscode/@xpack-dev-tools/arm-none-eabi-gcc/12.3.1-1.1.1/.content/bin/../lib/gcc/arm-none-eabi/12.3.1/../../../../arm-none-eabi/lib/thumb/v6-m/nofp/libc_nano.a(libc_a-sbrkr.o)
 .ARM.attributes
                0x00000567       0x2c /home/dantewebber/.config/Code/User/globalStorage/bmd.stm32-for-vscode/@xpack-dev-tools/arm-none-eabi-gcc/12.3.1-1.1.1/.content/bin/../lib/gcc/arm-none-eabi/12.3.1/../../../../arm-none-eabi/lib/thumb/v6-m/nofp/libc_nano.a(libc_a-memchr-stub.o)
 .ARM.attributes
                0x00000593       0x2c /home/dantewebber/.config/Code/User/globalStorage/bmd.stm32-for-vscode/@xpack-dev-tools/arm-none-eabi-gcc/12.3.1-1.1.1/.content/bin/../lib/gcc/arm-none-eabi/12.3.1/../../../../arm-none-eabi/lib/thumb/v6-m/nofp/libc_nano.a(libc_a-memcpy-stub.o)
 .ARM.attributes
                0x000005bf       0x2c /home/dantewebber/.config/Code/User/globalStorage/bmd.stm32-for-vscode/@xpack-dev-tools/arm-none-eabi-gcc/12.3.1-1.1.1/.content/bin/../lib/gcc/arm-none-eabi/12.3.1/../../../../arm-none-eabi/lib/thumb/v6-m/nofp/libc_nano.a(libc_a-reallocr.o)
 .ARM.attributes
                0x000005eb       0x2c /home/dantewebber/.config/Code/User/globalStorage/bmd.stm32-for-vscode/@xpack-dev-tools/arm-none-eabi-gcc/12.3.1-1.1.1/.content/bin/../lib/gcc/arm-none-eabi/12.3.1/../../../../arm-none-eabi/lib/thumb/v6-m/nofp/libc_nano.a(libc_a-msizer.o)
 .ARM.attributes
                0x00000617       0x2c /home/dantewebber/.config/Code/User/globalStorage/bmd.stm32-for-vscode/@xpack-dev-tools/arm-none-eabi-gcc/12.3.1-1.1.1/.content/bin/../lib/gcc/arm-none-eabi/12.3.1/../../../../arm-none-eabi/lib/thumb/v6-m/nofp/libnosys.a(sbrk.o)
 .ARM.attributes
                0x00000643       0x1e /home/dantewebber/.config/Code/User/globalStorage/bmd.stm32-for-vscode/@xpack-dev-tools/arm-none-eabi-gcc/12.3.1-1.1.1/.content/bin/../lib/gcc/arm-none-eabi/12.3.1/thumb/v6-m/nofp/libgcc.a(_thumb1_case_shi.o)
 .ARM.attributes
                0x00000661       0x1e /home/dantewebber/.config/Code/User/globalStorage/bmd.stm32-for-vscode/@xpack-dev-tools/arm-none-eabi-gcc/12.3.1-1.1.1/.content/bin/../lib/gcc/arm-none-eabi/12.3.1/thumb/v6-m/nofp/libgcc.a(_udivsi3.o)
 .ARM.attributes
                0x0000067f       0x1e /home/dantewebber/.config/Code/User/globalStorage/bmd.stm32-for-vscode/@xpack-dev-tools/arm-none-eabi-gcc/12.3.1-1.1.1/.content/bin/../lib/gcc/arm-none-eabi/12.3.1/thumb/v6-m/nofp/libgcc.a(_dvmd_tls.o)
 .ARM.attributes
                0x0000069d       0x2c /home/dantewebber/.config/Code/User/globalStorage/bmd.stm32-for-vscode/@xpack-dev-tools/arm-none-eabi-gcc/12.3.1-1.1.1/.content/bin/../lib/gcc/arm-none-eabi/12.3.1/thumb/v6-m/nofp/libgcc.a(_fixunsdfsi.o)
 .ARM.attributes
                0x000006c9       0x2c /home/dantewebber/.config/Code/User/globalStorage/bmd.stm32-for-vscode/@xpack-dev-tools/arm-none-eabi-gcc/12.3.1-1.1.1/.content/bin/../lib/gcc/arm-none-eabi/12.3.1/thumb/v6-m/nofp/libgcc.a(muldf3.o)
 .ARM.attributes
                0x000006f5       0x2c /home/dantewebber/.config/Code/User/globalStorage/bmd.stm32-for-vscode/@xpack-dev-tools/arm-none-eabi-gcc/12.3.1-1.1.1/.content/bin/../lib/gcc/arm-none-eabi/12.3.1/thumb/v6-m/nofp/libgcc.a(subdf3.o)
 .ARM.attributes
                0x00000721       0x2c /home/dantewebber/.config/Code/User/globalStorage/bmd.stm32-for-vscode/@xpack-dev-tools/arm-none-eabi-gcc/12.3.1-1.1.1/.content/bin/../lib/gcc/arm-none-eabi/12.3.1/thumb/v6-m/nofp/libgcc.a(fixdfsi.o)
 .ARM.attributes
                0x0000074d       0x2c /home/dantewebber/.config/Code/User/globalStorage/bmd.stm32-for-vscode/@xpack-dev-tools/arm-none-eabi-gcc/12.3.1-1.1.1/.content/bin/../lib/gcc/arm-none-eabi/12.3.1/thumb/v6-m/nofp/libgcc.a(floatunsidf.o)
 .ARM.attributes
                0x00000779       0x1e /home/dantewebber/.config/Code/User/globalStorage/bmd.stm32-for-vscode/@xpack-dev-tools/arm-none-eabi-gcc/12.3.1-1.1.1/.content/bin/../lib/gcc/arm-none-eabi/12.3.1/thumb/v6-m/nofp/libgcc.a(_arm_cmpdf2.o)
 .ARM.attributes
                0x00000797       0x1e /home/dantewebber/.config/Code/User/globalStorage/bmd.stm32-for-vscode/@xpack-dev-tools/arm-none-eabi-gcc/12.3.1-1.1.1/.content/bin/../lib/gcc/arm-none-eabi/12.3.1/thumb/v6-m/nofp/libgcc.a(_clzsi2.o)
 .ARM.attributes
                0x000007b5       0x2c /home/dantewebber/.config/Code/User/globalStorage/bmd.stm32-for-vscode/@xpack-dev-tools/arm-none-eabi-gcc/12.3.1-1.1.1/.content/bin/../lib/gcc/arm-none-eabi/12.3.1/thumb/v6-m/nofp/libgcc.a(eqdf2.o)
 .ARM.attributes
                0x000007e1       0x2c /home/dantewebber/.config/Code/User/globalStorage/bmd.stm32-for-vscode/@xpack-dev-tools/arm-none-eabi-gcc/12.3.1-1.1.1/.content/bin/../lib/gcc/arm-none-eabi/12.3.1/thumb/v6-m/nofp/libgcc.a(gedf2.o)
 .ARM.attributes
                0x0000080d       0x2c /home/dantewebber/.config/Code/User/globalStorage/bmd.stm32-for-vscode/@xpack-dev-tools/arm-none-eabi-gcc/12.3.1-1.1.1/.content/bin/../lib/gcc/arm-none-eabi/12.3.1/thumb/v6-m/nofp/libgcc.a(ledf2.o)
 .ARM.attributes
                0x00000839       0x1e /home/dantewebber/.config/Code/User/globalStorage/bmd.stm32-for-vscode/@xpack-dev-tools/arm-none-eabi-gcc/12.3.1-1.1.1/.content/bin/../lib/gcc/arm-none-eabi/12.3.1/thumb/v6-m/nofp/crtn.o
OUTPUT(build/EEE2046Prac.elf elf32-littlearm)
LOAD linker stubs
LOAD /home/dantewebber/.config/Code/User/globalStorage/bmd.stm32-for-vscode/@xpack-dev-tools/arm-none-eabi-gcc/12.3.1-1.1.1/.content/bin/../lib/gcc/arm-none-eabi/12.3.1/../../../../arm-none-eabi/lib/thumb/v6-m/nofp/libc.a
LOAD /home/dantewebber/.config/Code/User/globalStorage/bmd.stm32-for-vscode/@xpack-dev-tools/arm-none-eabi-gcc/12.3.1-1.1.1/.content/bin/../lib/gcc/arm-none-eabi/12.3.1/../../../../arm-none-eabi/lib/thumb/v6-m/nofp/libm.a
LOAD /home/dantewebber/.config/Code/User/globalStorage/bmd.stm32-for-vscode/@xpack-dev-tools/arm-none-eabi-gcc/12.3.1-1.1.1/.content/bin/../lib/gcc/arm-none-eabi/12.3.1/thumb/v6-m/nofp/libgcc.a

.comment        0x00000000       0x39
 .comment       0x00000000       0x39 /home/dantewebber/.config/Code/User/globalStorage/bmd.stm32-for-vscode/@xpack-dev-tools/arm-none-eabi-gcc/12.3.1-1.1.1/.content/bin/../lib/gcc/arm-none-eabi/12.3.1/thumb/v6-m/nofp/crtbegin.o
                                 0x3a (size before relaxing)
 .comment       0x00000039       0x3a build/main.o
 .comment       0x00000039       0x3a build/stm32f0xx_hal_msp.o
 .comment       0x00000039       0x3a build/stm32f0xx_it.o
 .comment       0x00000039       0x3a build/system_stm32f0xx.o
 .comment       0x00000039       0x3a build/stm32f0xx_hal.o
 .comment       0x00000039       0x3a build/stm32f0xx_hal_adc.o
 .comment       0x00000039       0x3a build/stm32f0xx_hal_cortex.o
 .comment       0x00000039       0x3a build/stm32f0xx_hal_gpio.o
 .comment       0x00000039       0x3a build/stm32f0xx_hal_i2c.o
 .comment       0x00000039       0x3a build/stm32f0xx_hal_i2c_ex.o
 .comment       0x00000039       0x3a build/stm32f0xx_hal_tim.o
 .comment       0x00000039       0x3a build/stm32f0xx_hal_tim_ex.o
 .comment       0x00000039       0x3a build/stm32f0xx_ll_exti.o
 .comment       0x00000039       0x3a build/stm32f0xx_ll_gpio.o
 .comment       0x00000039       0x3a build/stm32f0xx_ll_utils.o
 .comment       0x00000039       0x3a /home/dantewebber/.config/Code/User/globalStorage/bmd.stm32-for-vscode/@xpack-dev-tools/arm-none-eabi-gcc/12.3.1-1.1.1/.content/bin/../lib/gcc/arm-none-eabi/12.3.1/../../../../arm-none-eabi/lib/thumb/v6-m/nofp/libc_nano.a(libc_a-findfp.o)
 .comment       0x00000039       0x3a /home/dantewebber/.config/Code/User/globalStorage/bmd.stm32-for-vscode/@xpack-dev-tools/arm-none-eabi-gcc/12.3.1-1.1.1/.content/bin/../lib/gcc/arm-none-eabi/12.3.1/../../../../arm-none-eabi/lib/thumb/v6-m/nofp/libc_nano.a(libc_a-sprintf.o)
 .comment       0x00000039       0x3a /home/dantewebber/.config/Code/User/globalStorage/bmd.stm32-for-vscode/@xpack-dev-tools/arm-none-eabi-gcc/12.3.1-1.1.1/.content/bin/../lib/gcc/arm-none-eabi/12.3.1/../../../../arm-none-eabi/lib/thumb/v6-m/nofp/libc_nano.a(libc_a-memset.o)
 .comment       0x00000039       0x3a /home/dantewebber/.config/Code/User/globalStorage/bmd.stm32-for-vscode/@xpack-dev-tools/arm-none-eabi-gcc/12.3.1-1.1.1/.content/bin/../lib/gcc/arm-none-eabi/12.3.1/../../../../arm-none-eabi/lib/thumb/v6-m/nofp/libc_nano.a(libc_a-reent.o)
 .comment       0x00000039       0x3a /home/dantewebber/.config/Code/User/globalStorage/bmd.stm32-for-vscode/@xpack-dev-tools/arm-none-eabi-gcc/12.3.1-1.1.1/.content/bin/../lib/gcc/arm-none-eabi/12.3.1/../../../../arm-none-eabi/lib/thumb/v6-m/nofp/libc_nano.a(libc_a-impure.o)
 .comment       0x00000039       0x3a /home/dantewebber/.config/Code/User/globalStorage/bmd.stm32-for-vscode/@xpack-dev-tools/arm-none-eabi-gcc/12.3.1-1.1.1/.content/bin/../lib/gcc/arm-none-eabi/12.3.1/../../../../arm-none-eabi/lib/thumb/v6-m/nofp/libc_nano.a(libc_a-init.o)
 .comment       0x00000039       0x3a /home/dantewebber/.config/Code/User/globalStorage/bmd.stm32-for-vscode/@xpack-dev-tools/arm-none-eabi-gcc/12.3.1-1.1.1/.content/bin/../lib/gcc/arm-none-eabi/12.3.1/../../../../arm-none-eabi/lib/thumb/v6-m/nofp/libc_nano.a(libc_a-lock.o)
 .comment       0x00000039       0x3a /home/dantewebber/.config/Code/User/globalStorage/bmd.stm32-for-vscode/@xpack-dev-tools/arm-none-eabi-gcc/12.3.1-1.1.1/.content/bin/../lib/gcc/arm-none-eabi/12.3.1/../../../../arm-none-eabi/lib/thumb/v6-m/nofp/libc_nano.a(libc_a-freer.o)
 .comment       0x00000039       0x3a /home/dantewebber/.config/Code/User/globalStorage/bmd.stm32-for-vscode/@xpack-dev-tools/arm-none-eabi-gcc/12.3.1-1.1.1/.content/bin/../lib/gcc/arm-none-eabi/12.3.1/../../../../arm-none-eabi/lib/thumb/v6-m/nofp/libc_nano.a(libc_a-mallocr.o)
 .comment       0x00000039       0x3a /home/dantewebber/.config/Code/User/globalStorage/bmd.stm32-for-vscode/@xpack-dev-tools/arm-none-eabi-gcc/12.3.1-1.1.1/.content/bin/../lib/gcc/arm-none-eabi/12.3.1/../../../../arm-none-eabi/lib/thumb/v6-m/nofp/libc_nano.a(libc_a-mlock.o)
 .comment       0x00000039       0x3a /home/dantewebber/.config/Code/User/globalStorage/bmd.stm32-for-vscode/@xpack-dev-tools/arm-none-eabi-gcc/12.3.1-1.1.1/.content/bin/../lib/gcc/arm-none-eabi/12.3.1/../../../../arm-none-eabi/lib/thumb/v6-m/nofp/libc_nano.a(libc_a-nano-svfprintf.o)
 .comment       0x00000039       0x3a /home/dantewebber/.config/Code/User/globalStorage/bmd.stm32-for-vscode/@xpack-dev-tools/arm-none-eabi-gcc/12.3.1-1.1.1/.content/bin/../lib/gcc/arm-none-eabi/12.3.1/../../../../arm-none-eabi/lib/thumb/v6-m/nofp/libc_nano.a(libc_a-nano-vfprintf_i.o)
 .comment       0x00000039       0x3a /home/dantewebber/.config/Code/User/globalStorage/bmd.stm32-for-vscode/@xpack-dev-tools/arm-none-eabi-gcc/12.3.1-1.1.1/.content/bin/../lib/gcc/arm-none-eabi/12.3.1/../../../../arm-none-eabi/lib/thumb/v6-m/nofp/libc_nano.a(libc_a-memmove.o)
 .comment       0x00000039       0x3a /home/dantewebber/.config/Code/User/globalStorage/bmd.stm32-for-vscode/@xpack-dev-tools/arm-none-eabi-gcc/12.3.1-1.1.1/.content/bin/../lib/gcc/arm-none-eabi/12.3.1/../../../../arm-none-eabi/lib/thumb/v6-m/nofp/libc_nano.a(libc_a-sbrkr.o)
 .comment       0x00000039       0x3a /home/dantewebber/.config/Code/User/globalStorage/bmd.stm32-for-vscode/@xpack-dev-tools/arm-none-eabi-gcc/12.3.1-1.1.1/.content/bin/../lib/gcc/arm-none-eabi/12.3.1/../../../../arm-none-eabi/lib/thumb/v6-m/nofp/libc_nano.a(libc_a-memchr-stub.o)
 .comment       0x00000039       0x3a /home/dantewebber/.config/Code/User/globalStorage/bmd.stm32-for-vscode/@xpack-dev-tools/arm-none-eabi-gcc/12.3.1-1.1.1/.content/bin/../lib/gcc/arm-none-eabi/12.3.1/../../../../arm-none-eabi/lib/thumb/v6-m/nofp/libc_nano.a(libc_a-memcpy-stub.o)
 .comment       0x00000039       0x3a /home/dantewebber/.config/Code/User/globalStorage/bmd.stm32-for-vscode/@xpack-dev-tools/arm-none-eabi-gcc/12.3.1-1.1.1/.content/bin/../lib/gcc/arm-none-eabi/12.3.1/../../../../arm-none-eabi/lib/thumb/v6-m/nofp/libc_nano.a(libc_a-reallocr.o)
 .comment       0x00000039       0x3a /home/dantewebber/.config/Code/User/globalStorage/bmd.stm32-for-vscode/@xpack-dev-tools/arm-none-eabi-gcc/12.3.1-1.1.1/.content/bin/../lib/gcc/arm-none-eabi/12.3.1/../../../../arm-none-eabi/lib/thumb/v6-m/nofp/libc_nano.a(libc_a-msizer.o)
 .comment       0x00000039       0x3a /home/dantewebber/.config/Code/User/globalStorage/bmd.stm32-for-vscode/@xpack-dev-tools/arm-none-eabi-gcc/12.3.1-1.1.1/.content/bin/../lib/gcc/arm-none-eabi/12.3.1/../../../../arm-none-eabi/lib/thumb/v6-m/nofp/libnosys.a(sbrk.o)
 .comment       0x00000039       0x3a /home/dantewebber/.config/Code/User/globalStorage/bmd.stm32-for-vscode/@xpack-dev-tools/arm-none-eabi-gcc/12.3.1-1.1.1/.content/bin/../lib/gcc/arm-none-eabi/12.3.1/thumb/v6-m/nofp/libgcc.a(_fixunsdfsi.o)
 .comment       0x00000039       0x3a /home/dantewebber/.config/Code/User/globalStorage/bmd.stm32-for-vscode/@xpack-dev-tools/arm-none-eabi-gcc/12.3.1-1.1.1/.content/bin/../lib/gcc/arm-none-eabi/12.3.1/thumb/v6-m/nofp/libgcc.a(muldf3.o)
 .comment       0x00000039       0x3a /home/dantewebber/.config/Code/User/globalStorage/bmd.stm32-for-vscode/@xpack-dev-tools/arm-none-eabi-gcc/12.3.1-1.1.1/.content/bin/../lib/gcc/arm-none-eabi/12.3.1/thumb/v6-m/nofp/libgcc.a(subdf3.o)
 .comment       0x00000039       0x3a /home/dantewebber/.config/Code/User/globalStorage/bmd.stm32-for-vscode/@xpack-dev-tools/arm-none-eabi-gcc/12.3.1-1.1.1/.content/bin/../lib/gcc/arm-none-eabi/12.3.1/thumb/v6-m/nofp/libgcc.a(fixdfsi.o)
 .comment       0x00000039       0x3a /home/dantewebber/.config/Code/User/globalStorage/bmd.stm32-for-vscode/@xpack-dev-tools/arm-none-eabi-gcc/12.3.1-1.1.1/.content/bin/../lib/gcc/arm-none-eabi/12.3.1/thumb/v6-m/nofp/libgcc.a(floatunsidf.o)
 .comment       0x00000039       0x3a /home/dantewebber/.config/Code/User/globalStorage/bmd.stm32-for-vscode/@xpack-dev-tools/arm-none-eabi-gcc/12.3.1-1.1.1/.content/bin/../lib/gcc/arm-none-eabi/12.3.1/thumb/v6-m/nofp/libgcc.a(eqdf2.o)
 .comment       0x00000039       0x3a /home/dantewebber/.config/Code/User/globalStorage/bmd.stm32-for-vscode/@xpack-dev-tools/arm-none-eabi-gcc/12.3.1-1.1.1/.content/bin/../lib/gcc/arm-none-eabi/12.3.1/thumb/v6-m/nofp/libgcc.a(gedf2.o)
 .comment       0x00000039       0x3a /home/dantewebber/.config/Code/User/globalStorage/bmd.stm32-for-vscode/@xpack-dev-tools/arm-none-eabi-gcc/12.3.1-1.1.1/.content/bin/../lib/gcc/arm-none-eabi/12.3.1/thumb/v6-m/nofp/libgcc.a(ledf2.o)

.debug_info     0x00000000    0x10c2e
 .debug_info    0x00000000     0x2388 build/main.o
 .debug_info    0x00002388      0xc76 build/stm32f0xx_hal_msp.o
 .debug_info    0x00002ffe      0x121 build/stm32f0xx_it.o
 .debug_info    0x0000311f      0x25d build/system_stm32f0xx.o
 .debug_info    0x0000337c      0x74c build/stm32f0xx_hal.o
 .debug_info    0x00003ac8      0xf56 build/stm32f0xx_hal_adc.o
 .debug_info    0x00004a1e      0x7cc build/stm32f0xx_hal_cortex.o
 .debug_info    0x000051ea      0x5ec build/stm32f0xx_hal_gpio.o
 .debug_info    0x000057d6     0x404d build/stm32f0xx_hal_i2c.o
 .debug_info    0x00009823      0x851 build/stm32f0xx_hal_i2c_ex.o
 .debug_info    0x0000a074     0x3b27 build/stm32f0xx_hal_tim.o
 .debug_info    0x0000db9b     0x1a01 build/stm32f0xx_hal_tim_ex.o
 .debug_info    0x0000f59c      0x4d7 build/stm32f0xx_ll_exti.o
 .debug_info    0x0000fa73      0x76f build/stm32f0xx_ll_gpio.o
 .debug_info    0x000101e2      0xa1c build/stm32f0xx_ll_utils.o
 .debug_info    0x00010bfe       0x30 build/startup_stm32f051x8.o

.debug_abbrev   0x00000000     0x2290
 .debug_abbrev  0x00000000      0x4a1 build/main.o
 .debug_abbrev  0x000004a1      0x1f8 build/stm32f0xx_hal_msp.o
 .debug_abbrev  0x00000699       0xb5 build/stm32f0xx_it.o
 .debug_abbrev  0x0000074e      0x136 build/system_stm32f0xx.o
 .debug_abbrev  0x00000884      0x265 build/stm32f0xx_hal.o
 .debug_abbrev  0x00000ae9      0x22f build/stm32f0xx_hal_adc.o
 .debug_abbrev  0x00000d18      0x2ec build/stm32f0xx_hal_cortex.o
 .debug_abbrev  0x00001004      0x1f8 build/stm32f0xx_hal_gpio.o
 .debug_abbrev  0x000011fc      0x2a9 build/stm32f0xx_hal_i2c.o
 .debug_abbrev  0x000014a5      0x1da build/stm32f0xx_hal_i2c_ex.o
 .debug_abbrev  0x0000167f      0x285 build/stm32f0xx_hal_tim.o
 .debug_abbrev  0x00001904      0x283 build/stm32f0xx_hal_tim_ex.o
 .debug_abbrev  0x00001b87      0x1b3 build/stm32f0xx_ll_exti.o
 .debug_abbrev  0x00001d3a      0x225 build/stm32f0xx_ll_gpio.o
 .debug_abbrev  0x00001f5f      0x30d build/stm32f0xx_ll_utils.o
 .debug_abbrev  0x0000226c       0x24 build/startup_stm32f051x8.o

.debug_loclists
                0x00000000     0x9c57
 .debug_loclists
                0x00000000      0x224 build/main.o
 .debug_loclists
                0x00000224       0x7e build/stm32f0xx_hal_msp.o
 .debug_loclists
                0x000002a2       0xdc build/system_stm32f0xx.o
 .debug_loclists
                0x0000037e       0xc9 build/stm32f0xx_hal.o
 .debug_loclists
                0x00000447      0x907 build/stm32f0xx_hal_adc.o
 .debug_loclists
                0x00000d4e      0x1ae build/stm32f0xx_hal_cortex.o
 .debug_loclists
                0x00000efc      0x25d build/stm32f0xx_hal_gpio.o
 .debug_loclists
                0x00001159     0x342e build/stm32f0xx_hal_i2c.o
 .debug_loclists
                0x00004587      0x148 build/stm32f0xx_hal_i2c_ex.o
 .debug_loclists
                0x000046cf     0x37d8 build/stm32f0xx_hal_tim.o
 .debug_loclists
                0x00007ea7     0x15e7 build/stm32f0xx_hal_tim_ex.o
 .debug_loclists
                0x0000948e      0x1a2 build/stm32f0xx_ll_exti.o
 .debug_loclists
                0x00009630      0x249 build/stm32f0xx_ll_gpio.o
 .debug_loclists
                0x00009879      0x3de build/stm32f0xx_ll_utils.o

.debug_aranges  0x00000000      0xd30
 .debug_aranges
                0x00000000       0xb8 build/main.o
 .debug_aranges
                0x000000b8       0x48 build/stm32f0xx_hal_msp.o
 .debug_aranges
                0x00000100       0x40 build/stm32f0xx_it.o
 .debug_aranges
                0x00000140       0x28 build/system_stm32f0xx.o
 .debug_aranges
                0x00000168       0xd0 build/stm32f0xx_hal.o
 .debug_aranges
                0x00000238       0xf8 build/stm32f0xx_hal_adc.o
 .debug_aranges
                0x00000330       0x98 build/stm32f0xx_hal_cortex.o
 .debug_aranges
                0x000003c8       0x58 build/stm32f0xx_hal_gpio.o
 .debug_aranges
                0x00000420      0x2a0 build/stm32f0xx_hal_i2c.o
 .debug_aranges
                0x000006c0       0x48 build/stm32f0xx_hal_i2c_ex.o
 .debug_aranges
                0x00000708      0x3d0 build/stm32f0xx_hal_tim.o
 .debug_aranges
                0x00000ad8      0x168 build/stm32f0xx_hal_tim_ex.o
 .debug_aranges
                0x00000c40       0x30 build/stm32f0xx_ll_exti.o
 .debug_aranges
                0x00000c70       0x30 build/stm32f0xx_ll_gpio.o
 .debug_aranges
                0x00000ca0       0x68 build/stm32f0xx_ll_utils.o
 .debug_aranges
                0x00000d08       0x28 build/startup_stm32f051x8.o

.debug_rnglists
                0x00000000      0xa6c
 .debug_rnglists
                0x00000000       0x8c build/main.o
 .debug_rnglists
                0x0000008c       0x31 build/stm32f0xx_hal_msp.o
 .debug_rnglists
                0x000000bd       0x2b build/stm32f0xx_it.o
 .debug_rnglists
                0x000000e8       0x1a build/system_stm32f0xx.o
 .debug_rnglists
                0x00000102       0x97 build/stm32f0xx_hal.o
 .debug_rnglists
                0x00000199       0xc1 build/stm32f0xx_hal_adc.o
 .debug_rnglists
                0x0000025a       0x79 build/stm32f0xx_hal_cortex.o
 .debug_rnglists
                0x000002d3       0x3f build/stm32f0xx_hal_gpio.o
 .debug_rnglists
                0x00000312      0x21d build/stm32f0xx_hal_i2c.o
 .debug_rnglists
                0x0000052f       0x31 build/stm32f0xx_hal_i2c_ex.o
 .debug_rnglists
                0x00000560      0x305 build/stm32f0xx_hal_tim.o
 .debug_rnglists
                0x00000865      0x11a build/stm32f0xx_hal_tim_ex.o
 .debug_rnglists
                0x0000097f       0x38 build/stm32f0xx_ll_exti.o
 .debug_rnglists
                0x000009b7       0x51 build/stm32f0xx_ll_gpio.o
 .debug_rnglists
                0x00000a08       0x4b build/stm32f0xx_ll_utils.o
 .debug_rnglists
                0x00000a53       0x19 build/startup_stm32f051x8.o

.debug_line     0x00000000    0x10ea1
 .debug_line    0x00000000      0xfc7 build/main.o
 .debug_line    0x00000fc7      0x3f8 build/stm32f0xx_hal_msp.o
 .debug_line    0x000013bf      0x264 build/stm32f0xx_it.o
 .debug_line    0x00001623      0x2ab build/system_stm32f0xx.o
 .debug_line    0x000018ce      0x58e build/stm32f0xx_hal.o
 .debug_line    0x00001e5c     0x1090 build/stm32f0xx_hal_adc.o
 .debug_line    0x00002eec      0x5bf build/stm32f0xx_hal_cortex.o
 .debug_line    0x000034ab      0x728 build/stm32f0xx_hal_gpio.o
 .debug_line    0x00003bd3     0x5204 build/stm32f0xx_hal_i2c.o
 .debug_line    0x00008dd7      0x577 build/stm32f0xx_hal_i2c_ex.o
 .debug_line    0x0000934e     0x4cca build/stm32f0xx_hal_tim.o
 .debug_line    0x0000e018     0x1d25 build/stm32f0xx_hal_tim_ex.o
 .debug_line    0x0000fd3d      0x447 build/stm32f0xx_ll_exti.o
 .debug_line    0x00010184      0x504 build/stm32f0xx_ll_gpio.o
 .debug_line    0x00010688      0x7a2 build/stm32f0xx_ll_utils.o
 .debug_line    0x00010e2a       0x77 build/startup_stm32f051x8.o

.debug_str      0x00000000     0x3f6d
 .debug_str     0x00000000     0x1419 build/main.o
                               0x15a4 (size before relaxing)
 .debug_str     0x00001419       0x96 build/stm32f0xx_hal_msp.o
                                0x9b5 (size before relaxing)
 .debug_str     0x000014af       0x6d build/stm32f0xx_it.o
                                0x225 (size before relaxing)
 .debug_str     0x0000151c       0x86 build/system_stm32f0xx.o
                                0x296 (size before relaxing)
 .debug_str     0x000015a2      0x266 build/stm32f0xx_hal.o
                                0x70a (size before relaxing)
 .debug_str     0x00001808      0x2bd build/stm32f0xx_hal_adc.o
                                0x923 (size before relaxing)
 .debug_str     0x00001ac5      0x257 build/stm32f0xx_hal_cortex.o
                                0x64b (size before relaxing)
 .debug_str     0x00001d1c       0xf3 build/stm32f0xx_hal_gpio.o
                                0x425 (size before relaxing)
 .debug_str     0x00001e0f      0x8c8 build/stm32f0xx_hal_i2c.o
                                0xff4 (size before relaxing)
 .debug_str     0x000026d7       0xb5 build/stm32f0xx_hal_i2c_ex.o
                                0x81c (size before relaxing)
 .debug_str     0x0000278c      0xded build/stm32f0xx_hal_tim.o
                               0x169a (size before relaxing)
 .debug_str     0x00003579      0x4eb build/stm32f0xx_hal_tim_ex.o
                                0xeb6 (size before relaxing)
 .debug_str     0x00003a64      0x13c build/stm32f0xx_ll_exti.o
                                0x39a (size before relaxing)
 .debug_str     0x00003ba0       0xf3 build/stm32f0xx_ll_gpio.o
                                0x3c6 (size before relaxing)
 .debug_str     0x00003c93      0x2a8 build/stm32f0xx_ll_utils.o
                                0x62c (size before relaxing)
 .debug_str     0x00003f3b       0x32 build/startup_stm32f051x8.o
                                 0xab (size before relaxing)

.debug_frame    0x00000000     0x2384
 .debug_frame   0x00000000      0x204 build/main.o
 .debug_frame   0x00000204       0x98 build/stm32f0xx_hal_msp.o
 .debug_frame   0x0000029c       0x68 build/stm32f0xx_it.o
 .debug_frame   0x00000304       0x38 build/system_stm32f0xx.o
 .debug_frame   0x0000033c      0x1ac build/stm32f0xx_hal.o
 .debug_frame   0x000004e8      0x2a4 build/stm32f0xx_hal_adc.o
 .debug_frame   0x0000078c      0x144 build/stm32f0xx_hal_cortex.o
 .debug_frame   0x000008d0       0xc0 build/stm32f0xx_hal_gpio.o
 .debug_frame   0x00000990      0x8b0 build/stm32f0xx_hal_i2c.o
 .debug_frame   0x00001240       0xb0 build/stm32f0xx_hal_i2c_ex.o
 .debug_frame   0x000012f0      0xadc build/stm32f0xx_hal_tim.o
 .debug_frame   0x00001dcc      0x420 build/stm32f0xx_hal_tim_ex.o
 .debug_frame   0x000021ec       0x48 build/stm32f0xx_ll_exti.o
 .debug_frame   0x00002234       0x50 build/stm32f0xx_ll_gpio.o
 .debug_frame   0x00002284      0x100 build/stm32f0xx_ll_utils.o

.debug_line_str
                0x00000000       0x8f
 .debug_line_str
                0x00000000       0x8f build/startup_stm32f051x8.o

Cross Reference Table

Symbol                                            File
ADC1_COMP_IRQHandler                              build/main.o
ADCtoCCR                                          build/main.o
AHBPrescTable                                     build/system_stm32f0xx.o
                                                  build/stm32f0xx_ll_utils.o
                                                  build/stm32f0xx_ll_rcc.o
                                                  build/stm32f0xx_hal_rcc.o
APBPrescTable                                     build/system_stm32f0xx.o
                                                  build/stm32f0xx_ll_rcc.o
                                                  build/stm32f0xx_hal_rcc.o
CEC_CAN_IRQHandler                                build/startup_stm32f051x8.o
DMA1_Channel1_IRQHandler                          build/startup_stm32f051x8.o
DMA1_Channel2_3_IRQHandler                        build/startup_stm32f051x8.o
DMA1_Channel4_5_IRQHandler                        build/startup_stm32f051x8.o
Default_Handler                                   build/startup_stm32f051x8.o
EXTI0_1_IRQHandler                                build/main.o
EXTI2_3_IRQHandler                                build/startup_stm32f051x8.o
EXTI4_15_IRQHandler                               build/startup_stm32f051x8.o
Error_Handler                                     build/main.o
FLASH_IRQHandler                                  build/startup_stm32f051x8.o
FLASH_PageErase                                   build/stm32f0xx_hal_flash_ex.o
                                                  build/stm32f0xx_hal_flash.o
FLASH_WaitForLastOperation                        build/stm32f0xx_hal_flash.o
                                                  build/stm32f0xx_hal_flash_ex.o
HAL_ADCEx_Calibration_Start                       build/stm32f0xx_hal_adc_ex.o
HAL_ADC_AnalogWDGConfig                           build/stm32f0xx_hal_adc.o
HAL_ADC_ConfigChannel                             build/stm32f0xx_hal_adc.o
                                                  build/main.o
HAL_ADC_ConvCpltCallback                          build/stm32f0xx_hal_adc.o
HAL_ADC_ConvHalfCpltCallback                      build/stm32f0xx_hal_adc.o
HAL_ADC_DeInit                                    build/stm32f0xx_hal_adc.o
HAL_ADC_ErrorCallback                             build/stm32f0xx_hal_adc.o
HAL_ADC_GetError                                  build/stm32f0xx_hal_adc.o
HAL_ADC_GetState                                  build/stm32f0xx_hal_adc.o
HAL_ADC_GetValue                                  build/stm32f0xx_hal_adc.o
                                                  build/main.o
HAL_ADC_IRQHandler                                build/stm32f0xx_hal_adc.o
                                                  build/main.o
HAL_ADC_Init                                      build/stm32f0xx_hal_adc.o
                                                  build/main.o
HAL_ADC_LevelOutOfWindowCallback                  build/stm32f0xx_hal_adc.o
HAL_ADC_MspDeInit                                 build/stm32f0xx_hal_msp.o
HAL_ADC_MspInit                                   build/stm32f0xx_hal_msp.o
HAL_ADC_PollForConversion                         build/stm32f0xx_hal_adc.o
HAL_ADC_PollForEvent                              build/stm32f0xx_hal_adc.o
HAL_ADC_Start                                     build/stm32f0xx_hal_adc.o
                                                  build/main.o
HAL_ADC_Start_DMA                                 build/stm32f0xx_hal_adc.o
HAL_ADC_Start_IT                                  build/stm32f0xx_hal_adc.o
HAL_ADC_Stop                                      build/stm32f0xx_hal_adc.o
                                                  build/main.o
HAL_ADC_Stop_DMA                                  build/stm32f0xx_hal_adc.o
HAL_ADC_Stop_IT                                   build/stm32f0xx_hal_adc.o
HAL_DBGMCU_DisableDBGStandbyMode                  build/stm32f0xx_hal.o
HAL_DBGMCU_DisableDBGStopMode                     build/stm32f0xx_hal.o
HAL_DBGMCU_EnableDBGStandbyMode                   build/stm32f0xx_hal.o
HAL_DBGMCU_EnableDBGStopMode                      build/stm32f0xx_hal.o
HAL_DMA_Abort                                     build/stm32f0xx_hal_dma.o
                                                  build/stm32f0xx_hal_adc.o
HAL_DMA_Abort_IT                                  build/stm32f0xx_hal_dma.o
                                                  build/stm32f0xx_hal_tim_ex.o
                                                  build/stm32f0xx_hal_tim.o
                                                  build/stm32f0xx_hal_i2c.o
HAL_DMA_DeInit                                    build/stm32f0xx_hal_dma.o
HAL_DMA_GetError                                  build/stm32f0xx_hal_dma.o
HAL_DMA_GetState                                  build/stm32f0xx_hal_dma.o
                                                  build/stm32f0xx_hal_i2c.o
HAL_DMA_IRQHandler                                build/stm32f0xx_hal_dma.o
HAL_DMA_Init                                      build/stm32f0xx_hal_dma.o
HAL_DMA_PollForTransfer                           build/stm32f0xx_hal_dma.o
HAL_DMA_RegisterCallback                          build/stm32f0xx_hal_dma.o
HAL_DMA_Start                                     build/stm32f0xx_hal_dma.o
HAL_DMA_Start_IT                                  build/stm32f0xx_hal_dma.o
                                                  build/stm32f0xx_hal_tim_ex.o
                                                  build/stm32f0xx_hal_tim.o
                                                  build/stm32f0xx_hal_i2c.o
                                                  build/stm32f0xx_hal_adc.o
HAL_DMA_UnRegisterCallback                        build/stm32f0xx_hal_dma.o
HAL_DeInit                                        build/stm32f0xx_hal.o
HAL_Delay                                         build/stm32f0xx_hal.o
                                                  build/main.o
HAL_FLASHEx_Erase                                 build/stm32f0xx_hal_flash_ex.o
HAL_FLASHEx_Erase_IT                              build/stm32f0xx_hal_flash_ex.o
HAL_FLASHEx_OBErase                               build/stm32f0xx_hal_flash_ex.o
HAL_FLASHEx_OBGetConfig                           build/stm32f0xx_hal_flash_ex.o
HAL_FLASHEx_OBGetUserData                         build/stm32f0xx_hal_flash_ex.o
HAL_FLASHEx_OBProgram                             build/stm32f0xx_hal_flash_ex.o
HAL_FLASH_EndOfOperationCallback                  build/stm32f0xx_hal_flash.o
HAL_FLASH_GetError                                build/stm32f0xx_hal_flash.o
HAL_FLASH_IRQHandler                              build/stm32f0xx_hal_flash.o
HAL_FLASH_Lock                                    build/stm32f0xx_hal_flash.o
HAL_FLASH_OB_Launch                               build/stm32f0xx_hal_flash.o
HAL_FLASH_OB_Lock                                 build/stm32f0xx_hal_flash.o
HAL_FLASH_OB_Unlock                               build/stm32f0xx_hal_flash.o
HAL_FLASH_OperationErrorCallback                  build/stm32f0xx_hal_flash.o
HAL_FLASH_Program                                 build/stm32f0xx_hal_flash.o
HAL_FLASH_Program_IT                              build/stm32f0xx_hal_flash.o
HAL_FLASH_Unlock                                  build/stm32f0xx_hal_flash.o
HAL_GPIO_DeInit                                   build/stm32f0xx_hal_gpio.o
                                                  build/stm32f0xx_hal_msp.o
HAL_GPIO_EXTI_Callback                            build/stm32f0xx_hal_gpio.o
HAL_GPIO_EXTI_IRQHandler                          build/stm32f0xx_hal_gpio.o
                                                  build/main.o
HAL_GPIO_Init                                     build/stm32f0xx_hal_gpio.o
                                                  build/stm32f0xx_hal_rcc.o
                                                  build/stm32f0xx_hal_msp.o
                                                  build/main.o
HAL_GPIO_LockPin                                  build/stm32f0xx_hal_gpio.o
HAL_GPIO_ReadPin                                  build/stm32f0xx_hal_gpio.o
HAL_GPIO_TogglePin                                build/stm32f0xx_hal_gpio.o
                                                  build/main.o
HAL_GPIO_WritePin                                 build/stm32f0xx_hal_gpio.o
HAL_GetDEVID                                      build/stm32f0xx_hal.o
HAL_GetHalVersion                                 build/stm32f0xx_hal.o
HAL_GetREVID                                      build/stm32f0xx_hal.o
HAL_GetTick                                       build/stm32f0xx_hal.o
                                                  build/stm32f0xx_hal_rcc_ex.o
                                                  build/stm32f0xx_hal_rcc.o
                                                  build/stm32f0xx_hal_i2c.o
                                                  build/stm32f0xx_hal_flash.o
                                                  build/stm32f0xx_hal_dma.o
                                                  build/stm32f0xx_hal_adc_ex.o
                                                  build/stm32f0xx_hal_adc.o
                                                  build/main.o
HAL_GetTickFreq                                   build/stm32f0xx_hal.o
HAL_GetTickPrio                                   build/stm32f0xx_hal.o
HAL_GetUIDw0                                      build/stm32f0xx_hal.o
HAL_GetUIDw1                                      build/stm32f0xx_hal.o
HAL_GetUIDw2                                      build/stm32f0xx_hal.o
HAL_I2CEx_ConfigAnalogFilter                      build/stm32f0xx_hal_i2c_ex.o
                                                  build/main.o
HAL_I2CEx_ConfigDigitalFilter                     build/stm32f0xx_hal_i2c_ex.o
                                                  build/main.o
HAL_I2CEx_DisableFastModePlus                     build/stm32f0xx_hal_i2c_ex.o
HAL_I2CEx_DisableWakeUp                           build/stm32f0xx_hal_i2c_ex.o
HAL_I2CEx_EnableFastModePlus                      build/stm32f0xx_hal_i2c_ex.o
HAL_I2CEx_EnableWakeUp                            build/stm32f0xx_hal_i2c_ex.o
HAL_I2C_AbortCpltCallback                         build/stm32f0xx_hal_i2c.o
HAL_I2C_AddrCallback                              build/stm32f0xx_hal_i2c.o
HAL_I2C_DeInit                                    build/stm32f0xx_hal_i2c.o
HAL_I2C_DisableListen_IT                          build/stm32f0xx_hal_i2c.o
HAL_I2C_ER_IRQHandler                             build/stm32f0xx_hal_i2c.o
HAL_I2C_EV_IRQHandler                             build/stm32f0xx_hal_i2c.o
HAL_I2C_EnableListen_IT                           build/stm32f0xx_hal_i2c.o
HAL_I2C_ErrorCallback                             build/stm32f0xx_hal_i2c.o
HAL_I2C_GetError                                  build/stm32f0xx_hal_i2c.o
HAL_I2C_GetMode                                   build/stm32f0xx_hal_i2c.o
HAL_I2C_GetState                                  build/stm32f0xx_hal_i2c.o
HAL_I2C_Init                                      build/stm32f0xx_hal_i2c.o
                                                  build/main.o
HAL_I2C_IsDeviceReady                             build/stm32f0xx_hal_i2c.o
HAL_I2C_ListenCpltCallback                        build/stm32f0xx_hal_i2c.o
HAL_I2C_MasterRxCpltCallback                      build/stm32f0xx_hal_i2c.o
HAL_I2C_MasterTxCpltCallback                      build/stm32f0xx_hal_i2c.o
HAL_I2C_Master_Abort_IT                           build/stm32f0xx_hal_i2c.o
HAL_I2C_Master_Receive                            build/stm32f0xx_hal_i2c.o
                                                  build/main.o
HAL_I2C_Master_Receive_DMA                        build/stm32f0xx_hal_i2c.o
HAL_I2C_Master_Receive_IT                         build/stm32f0xx_hal_i2c.o
HAL_I2C_Master_Seq_Receive_DMA                    build/stm32f0xx_hal_i2c.o
HAL_I2C_Master_Seq_Receive_IT                     build/stm32f0xx_hal_i2c.o
HAL_I2C_Master_Seq_Transmit_DMA                   build/stm32f0xx_hal_i2c.o
HAL_I2C_Master_Seq_Transmit_IT                    build/stm32f0xx_hal_i2c.o
HAL_I2C_Master_Transmit                           build/stm32f0xx_hal_i2c.o
HAL_I2C_Master_Transmit_DMA                       build/stm32f0xx_hal_i2c.o
HAL_I2C_Master_Transmit_IT                        build/stm32f0xx_hal_i2c.o
HAL_I2C_MemRxCpltCallback                         build/stm32f0xx_hal_i2c.o
HAL_I2C_MemTxCpltCallback                         build/stm32f0xx_hal_i2c.o
HAL_I2C_Mem_Read                                  build/stm32f0xx_hal_i2c.o
HAL_I2C_Mem_Read_DMA                              build/stm32f0xx_hal_i2c.o
HAL_I2C_Mem_Read_IT                               build/stm32f0xx_hal_i2c.o
HAL_I2C_Mem_Write                                 build/stm32f0xx_hal_i2c.o
HAL_I2C_Mem_Write_DMA                             build/stm32f0xx_hal_i2c.o
HAL_I2C_Mem_Write_IT                              build/stm32f0xx_hal_i2c.o
HAL_I2C_MspDeInit                                 build/stm32f0xx_hal_i2c.o
HAL_I2C_MspInit                                   build/stm32f0xx_hal_i2c.o
HAL_I2C_SlaveRxCpltCallback                       build/stm32f0xx_hal_i2c.o
HAL_I2C_SlaveTxCpltCallback                       build/stm32f0xx_hal_i2c.o
HAL_I2C_Slave_Receive                             build/stm32f0xx_hal_i2c.o
HAL_I2C_Slave_Receive_DMA                         build/stm32f0xx_hal_i2c.o
HAL_I2C_Slave_Receive_IT                          build/stm32f0xx_hal_i2c.o
HAL_I2C_Slave_Seq_Receive_DMA                     build/stm32f0xx_hal_i2c.o
HAL_I2C_Slave_Seq_Receive_IT                      build/stm32f0xx_hal_i2c.o
HAL_I2C_Slave_Seq_Transmit_DMA                    build/stm32f0xx_hal_i2c.o
HAL_I2C_Slave_Seq_Transmit_IT                     build/stm32f0xx_hal_i2c.o
HAL_I2C_Slave_Transmit                            build/stm32f0xx_hal_i2c.o
HAL_I2C_Slave_Transmit_DMA                        build/stm32f0xx_hal_i2c.o
HAL_I2C_Slave_Transmit_IT                         build/stm32f0xx_hal_i2c.o
HAL_IncTick                                       build/stm32f0xx_hal.o
                                                  build/stm32f0xx_it.o
HAL_Init                                          build/stm32f0xx_hal.o
                                                  build/main.o
HAL_InitTick                                      build/stm32f0xx_hal.o
                                                  build/stm32f0xx_hal_rcc.o
                                                  build/main.o
HAL_MspDeInit                                     build/stm32f0xx_hal.o
HAL_MspInit                                       build/stm32f0xx_hal_msp.o
HAL_NVIC_ClearPendingIRQ                          build/stm32f0xx_hal_cortex.o
HAL_NVIC_DisableIRQ                               build/stm32f0xx_hal_cortex.o
HAL_NVIC_EnableIRQ                                build/stm32f0xx_hal_cortex.o
                                                  build/main.o
HAL_NVIC_GetPendingIRQ                            build/stm32f0xx_hal_cortex.o
HAL_NVIC_GetPriority                              build/stm32f0xx_hal_cortex.o
HAL_NVIC_SetPendingIRQ                            build/stm32f0xx_hal_cortex.o
HAL_NVIC_SetPriority                              build/stm32f0xx_hal_cortex.o
                                                  build/stm32f0xx_hal.o
                                                  build/main.o
HAL_NVIC_SystemReset                              build/stm32f0xx_hal_cortex.o
HAL_PWR_ConfigPVD                                 build/stm32f0xx_hal_pwr_ex.o
HAL_PWR_DeInit                                    build/stm32f0xx_hal_pwr.o
HAL_PWR_DisableBkUpAccess                         build/stm32f0xx_hal_pwr.o
HAL_PWR_DisablePVD                                build/stm32f0xx_hal_pwr_ex.o
HAL_PWR_DisableSEVOnPend                          build/stm32f0xx_hal_pwr.o
HAL_PWR_DisableSleepOnExit                        build/stm32f0xx_hal_pwr.o
HAL_PWR_DisableWakeUpPin                          build/stm32f0xx_hal_pwr.o
HAL_PWR_EnableBkUpAccess                          build/stm32f0xx_hal_pwr.o
HAL_PWR_EnablePVD                                 build/stm32f0xx_hal_pwr_ex.o
HAL_PWR_EnableSEVOnPend                           build/stm32f0xx_hal_pwr.o
HAL_PWR_EnableSleepOnExit                         build/stm32f0xx_hal_pwr.o
HAL_PWR_EnableWakeUpPin                           build/stm32f0xx_hal_pwr.o
HAL_PWR_EnterSLEEPMode                            build/stm32f0xx_hal_pwr.o
HAL_PWR_EnterSTANDBYMode                          build/stm32f0xx_hal_pwr.o
HAL_PWR_EnterSTOPMode                             build/stm32f0xx_hal_pwr.o
HAL_PWR_PVDCallback                               build/stm32f0xx_hal_pwr_ex.o
HAL_PWR_PVD_IRQHandler                            build/stm32f0xx_hal_pwr_ex.o
HAL_RCCEx_GetPeriphCLKConfig                      build/stm32f0xx_hal_rcc_ex.o
HAL_RCCEx_GetPeriphCLKFreq                        build/stm32f0xx_hal_rcc_ex.o
HAL_RCCEx_PeriphCLKConfig                         build/stm32f0xx_hal_rcc_ex.o
HAL_RCC_CSSCallback                               build/stm32f0xx_hal_rcc.o
HAL_RCC_ClockConfig                               build/stm32f0xx_hal_rcc.o
HAL_RCC_DeInit                                    build/stm32f0xx_hal_rcc.o
HAL_RCC_DisableCSS                                build/stm32f0xx_hal_rcc.o
HAL_RCC_EnableCSS                                 build/stm32f0xx_hal_rcc.o
HAL_RCC_GetClockConfig                            build/stm32f0xx_hal_rcc.o
HAL_RCC_GetHCLKFreq                               build/stm32f0xx_hal_rcc.o
HAL_RCC_GetOscConfig                              build/stm32f0xx_hal_rcc.o
HAL_RCC_GetPCLK1Freq                              build/stm32f0xx_hal_rcc.o
                                                  build/stm32f0xx_hal_rcc_ex.o
HAL_RCC_GetSysClockFreq                           build/stm32f0xx_hal_rcc.o
                                                  build/stm32f0xx_hal_rcc_ex.o
HAL_RCC_MCOConfig                                 build/stm32f0xx_hal_rcc.o
HAL_RCC_NMI_IRQHandler                            build/stm32f0xx_hal_rcc.o
HAL_RCC_OscConfig                                 build/stm32f0xx_hal_rcc.o
HAL_ResumeTick                                    build/stm32f0xx_hal.o
HAL_SYSTICK_CLKSourceConfig                       build/stm32f0xx_hal_cortex.o
HAL_SYSTICK_Callback                              build/stm32f0xx_hal_cortex.o
HAL_SYSTICK_Config                                build/stm32f0xx_hal_cortex.o
                                                  build/stm32f0xx_hal.o
HAL_SYSTICK_IRQHandler                            build/stm32f0xx_hal_cortex.o
HAL_SetTickFreq                                   build/stm32f0xx_hal.o
HAL_SuspendTick                                   build/stm32f0xx_hal.o
HAL_TIMEx_BreakCallback                           build/stm32f0xx_hal_tim_ex.o
                                                  build/stm32f0xx_hal_tim.o
HAL_TIMEx_CommutCallback                          build/stm32f0xx_hal_tim_ex.o
                                                  build/stm32f0xx_hal_tim.o
HAL_TIMEx_CommutHalfCpltCallback                  build/stm32f0xx_hal_tim_ex.o
HAL_TIMEx_ConfigBreakDeadTime                     build/stm32f0xx_hal_tim_ex.o
HAL_TIMEx_ConfigCommutEvent                       build/stm32f0xx_hal_tim_ex.o
HAL_TIMEx_ConfigCommutEvent_DMA                   build/stm32f0xx_hal_tim_ex.o
HAL_TIMEx_ConfigCommutEvent_IT                    build/stm32f0xx_hal_tim_ex.o
HAL_TIMEx_GetChannelNState                        build/stm32f0xx_hal_tim_ex.o
HAL_TIMEx_HallSensor_DeInit                       build/stm32f0xx_hal_tim_ex.o
HAL_TIMEx_HallSensor_GetState                     build/stm32f0xx_hal_tim_ex.o
HAL_TIMEx_HallSensor_Init                         build/stm32f0xx_hal_tim_ex.o
HAL_TIMEx_HallSensor_MspDeInit                    build/stm32f0xx_hal_tim_ex.o
HAL_TIMEx_HallSensor_MspInit                      build/stm32f0xx_hal_tim_ex.o
HAL_TIMEx_HallSensor_Start                        build/stm32f0xx_hal_tim_ex.o
HAL_TIMEx_HallSensor_Start_DMA                    build/stm32f0xx_hal_tim_ex.o
HAL_TIMEx_HallSensor_Start_IT                     build/stm32f0xx_hal_tim_ex.o
HAL_TIMEx_HallSensor_Stop                         build/stm32f0xx_hal_tim_ex.o
HAL_TIMEx_HallSensor_Stop_DMA                     build/stm32f0xx_hal_tim_ex.o
HAL_TIMEx_HallSensor_Stop_IT                      build/stm32f0xx_hal_tim_ex.o
HAL_TIMEx_MasterConfigSynchronization             build/stm32f0xx_hal_tim_ex.o
                                                  build/main.o
HAL_TIMEx_OCN_Start                               build/stm32f0xx_hal_tim_ex.o
HAL_TIMEx_OCN_Start_DMA                           build/stm32f0xx_hal_tim_ex.o
HAL_TIMEx_OCN_Start_IT                            build/stm32f0xx_hal_tim_ex.o
HAL_TIMEx_OCN_Stop                                build/stm32f0xx_hal_tim_ex.o
HAL_TIMEx_OCN_Stop_DMA                            build/stm32f0xx_hal_tim_ex.o
HAL_TIMEx_OCN_Stop_IT                             build/stm32f0xx_hal_tim_ex.o
HAL_TIMEx_OnePulseN_Start                         build/stm32f0xx_hal_tim_ex.o
HAL_TIMEx_OnePulseN_Start_IT                      build/stm32f0xx_hal_tim_ex.o
HAL_TIMEx_OnePulseN_Stop                          build/stm32f0xx_hal_tim_ex.o
HAL_TIMEx_OnePulseN_Stop_IT                       build/stm32f0xx_hal_tim_ex.o
HAL_TIMEx_PWMN_Start                              build/stm32f0xx_hal_tim_ex.o
HAL_TIMEx_PWMN_Start_DMA                          build/stm32f0xx_hal_tim_ex.o
HAL_TIMEx_PWMN_Start_IT                           build/stm32f0xx_hal_tim_ex.o
HAL_TIMEx_PWMN_Stop                               build/stm32f0xx_hal_tim_ex.o
HAL_TIMEx_PWMN_Stop_DMA                           build/stm32f0xx_hal_tim_ex.o